AAA2C7YVwh+/KakzNT2ERsJPzljZYZhqHnKXd1x7D33QfRQDfgoXFRUf0SilMj48nkX0TgdYKGEJarFxWXdLewF9wn0xAwIK2BMqHuEnRzGMOrpD/EwwVlBfZGiOcK12v3q4fKx9cwbwCuUSAx33JpMwzjnMQqlLhlRaXShmrG5vdfR5eHylfa4JBQykEsUbsiWgLzI5b0JkSyVUuVwoZXptynQAenZ89n0bC2gNFhP5GlEkVC4rOLlB90r1U7BcMGVqbQR1DnrsfKd+hwynDmkTmxo/I+As3zabQChKZFNiXCRljm0BdX16ZX0bfy8NRA/JE1AaICJ0K1k1Sz8MSYVSuVu4ZFBtAHXMeql9Sn9KDiAQRBRRGqEhFyrDM9M9tkdPUetaQ2T6bL90oXq6fUJ/7w57EHoUOBooIQYpHjILPDBGNlDvWVhjVWxFdFB6pn1JfysQkBEOFU4a4SAwKLUwWjqgRO1Ow1gtYjNrgXPjeZx9W3+fEPERERVZGnYgqifFLwM5EUNgTWVX12AIaqdy0nnmfbF/jg/MEFkUFRocIPkm1S7aN6xB1kvqVaRf6Giacf94yn3gf6EPLhEjFfYZEiBzJrYtQTbOP+5JQ1RDXspnmHAMeBJ9/38jEJARIxXFGacfACaPLDY0HD37RplRC1wNZihvHXfxfP9//RBFEo4VdxrnH30lXivTMbY54UIvTepXemIfbKx0r3v/fzYQ0RGfFWwaux+BJTwrATEJOFlAt0nWU+9dmGe5cM541H5bAhULmBWsH6QpkDMZPWpGoU+uWLdhimo3crR3hHtGfeZ9EQECCvEU8B6mKG0yFjxyRcNO5FcDYe9puXF6d2d7OX3XfQAAOQlsEw0eticOMUA6a0OtTONVC18uaIRw0Hbjeu98uX1+A98IohGRHNAmbzCcOYpCXUsyVA5d7GWHbox1NHqrfKZ9IAakCQgRvRpEJWQvAzk4QiZL4VN5XPhkWW0QdVZ6vXz/fX4IAwtEETYZZiPDLdI3cEGxSqlTZ1z0ZE1tEnWTek59336zCtkMuhHFGMch6is7NilAukkCUwdc02RLbSh1BXvbfYd/PAtpDagRVBhZIBIqXzSTPnNIAVJKW0Rk+Gz4dBN7HX6if1QMOw4wEmkYjx9IKG8yzzzvRrJQalrgY7FsgXTwehV+en9oDR0PuRKrGEYfKSeLMNM6NUV9T3pZB2MZbBN0LnrTfWl/lQ7yD1ETJxk/H3cmDi/1OIpDJU42WN1h9mpGc+Z5u31Zf3AOzQ+IEx0ZaR9QJk8uyDcaQqRMx1ZwYM1piHKXecV9kH/5DGcO4BKEGBIfDibfLe023kAsS15VKV+PaHZxGHnpfcl/SA7mD9ATpRipHm4l5SyCNSg/UUm6U9ddb2dCcMV3/3znf18PuxAqFBEZ4x7oJJArSDNKPGBG8FCXW7Fl+m4Ld9h8/38KD3wQSxRYGaYehiR0KvIwqTjyQY5Mb1cJYstroHTwe/9/kQ8UEdkUtBnwHo0kSCpGMDE3gz8SSVRTnl1WZ51w3HgDf6kD0QpSFXgfeilVM+E8OUZqT31YgGFcahRyfXc1eyR96X0AAJEJixSwHncoPzLXOz9FhE6uV8dgvWmNcU13EHsXfdZ9AACnCO0Sxx1gJ6cwzjkKQ09MiVW2Xt1nOXCpdqV60nyvfQAA1AacEAAcnSYyMEM5F0LjSsFTq1yeZUFuXHU0erF8mn0AAPQG4g5QGbEkHi/GOOdBvUptUxZct2Qpbdp0X3rkfAF+AACHBmQNERcTIg8tZjcWQVZKSVMIXKhkGW3bdKB6sn0Nf4wDcAfNDXIVWx+EKkQ1iD82SYpSm1tyZAttA3Uje2x+/39OBVcITw7lFIId0ifaMnE9j0dMUbxa2GOibM10VHvUfv9/4gWhCHQOWBTaG48lRTAdO5ZFtk+cWSpjI2xLdOp6q37/f/YHFwpKD2gUAxtWI8QtsTh8QxJOYFhVYnlroHNAeg1+339ACTkL/A/yFEIbnSKlK2U2m0GdTBZXDWF4attyr3nFfZh/Sgo4DIcQtBW4G5gipSq5NNs/90qMVahfOmnvcQt5VX17f5UKegy8EA0WPhxWI3wrrDTWPm9J+FMhXt5n7XCfeLR9tH+dC1UNHRGeFmccOyMCK8wzcD21RzRSklxoZoFvTnfLfMR/BQySDdcRIxdUHKYiiilxMZc6wkRtTztaeWT3bTJ2R3zffxoMyw3EEaAWQBy0IfInxC5uNt0/CEs3VgNhBGtBdOl7/38jDNENxRGjFjgc/CG/JyouijUJPupHZVLJXNtmk3Bleat/9gJ7CuAUIB8YKecyfTzeRQdPGFgTYdlpenEOd8d663zhfQAAognyE1kePyj8MZE7/UQ8TmJXamBDaQVx3HadetR8zn0YAj4INhI5Hf8mXzCnOeVCKUxhVY5elmfYbyl2NnqVfKl9UQG4B5AQqBtWJuov8zjIQaFKkFONXItlBm4BdeJ5f3yLfQAA2galDgcZbCTuLpo4qkFuSiJT11uPZAVth3Tyeal80n0AABsGsg2lFqAh3iw8N+5AKUoUU9Jbd2TWbF50K3p7fed+AAC2BEEMaRTIHvUpADVNPwdJY1J0W05k22yedLR6dX7/fwAABgXgCzETLhwUJyoy9jw7RwlRgFqyY4lsm3QPexd//38AAHsEXAs/El8aTyQ/L0U670Q2TypZwWLdaxN0qHrYftV+1X7WftZ+/38AAAAAAAAAAAAAAACwAdMCBwMbA34FrwipC/4NOw9HD4gOHQtCCooJhgjAB7wHrAfBB7cHaAcoCHwK+QwGDxcQHBBUD8sUSxRxE7ES2xH1EAAQRw/YDnwOew5JD6wQBRJpEi0SpxEsHsod5RwuHIMbshq9GbkYvxfTFjEW9xVOFpoWNBZUFdgURCf1JiYmXCXFJCMkYCOCIoAhaSByH5Ee7x1GHVkcZRqJGQUwzS8sL2Yuyi1JLaMs9SsiKzwqPSlJKEInFSYhJJghoh+bOG847Tc9N6Y2NTa+NSU1dDSnM90y9TEFMbEvjS1pKuAnF0HzQINA7z9NP/Q+oT41Ppg96DwrPHk7ozp8OWs35jPSMJFJcUkWSZJI/0eLR1VHBkeURvVFhkUWRVtEJEMmQZ89GzreUcFRcFH2UHNQ/k/ET5hPVE8ST71OT065TaFMlUpTR6dDF1r8Wa5ZN1m0WDhY+lf1VwRY/FeoVyhXnla/VeBTnFDcTDxiI2LaYWph22BjYBtgH2BOYF1gJ2CyX0dfr14yXfdZFFZeakNq+WmVaRNpjGg5aENodmiQaGhoGmi1ZzBn0GXhYuVecnJechVyl3EXcYRwEXD/bzxwdnB1cERw7m9nbxBuTmvDZyN5EXnceIZ4AniBdxd373Yrd3l3s3end393I3c7dvxzl3DXfct9o31kfQ59sXxSfEJ8gHzsfCV9Mn0hfe18inx4e0p5/3//f/9//3/4f7p/on+kf/R//3//f/9//3//f/9//39If3ACAAAAAAAAAAAAAAAAAAAAAAAAAAB7BmEK7Qx4DroO8A0iCxUKOQnvB8wGYgYcBtgFowUVBeYFiQigCwEOWg+MD7cOwhQ7FFATdhJHETYQ+Q7+DXMN5gzaDKkNWg8dEcARiBHtEAkekR2hHAwcUhtYGiYZ8xfQFrQV6BSZFOsUyxWrFa4U2RMHJ7Ym1yUVJYgk3yMHI/8h1iCrH3wejB3SHIsc2hvAGWMY3C+gL+suAC5sLe0sTyyHK6EqmCmKKGwnZiZFJZkj/SDfHnY4Rzi1N9o2KTa/NUo1pzTfMxUzKTI8MSwwAy8FLdApISflQL1ATkCTP8s+YD4KPpg97zw/PIY7qjrbObQ4zjZUMwYwWkk6Sd9IO0h4R+dGoUZHRtBFNEXWRG1ElUNQQpRADT1KObRRl1FBUbZQAlBjTwZPxk5+TlNOIE7BTSRN20u6SYtG0ELgWcZZfFkGWVdYtFdIVxtXL1dTVxdXr1YYViBVHFPNT+9LA2LrYaZhLmGdYPxfj1+DX7hf21+tX0Zf1F4aXlZcBFkZVR9qBmq+aVNp1GhHaOFn3WcNaCloCmi7Z1dnvmY6ZRdi+11IcjFy5nFtcdxwUXDfb8hv/W8qcClw8W+ab/pueG2KauFmHHkMed14iHj8d253+XbTdgl3U3eId3p3SHfedtt1Y3Pnb9Z9yX2jfWR9EH2wfFx8RXx7fOt8IH0vfRp95Xx6fFt74Xj/f/9//3//f/Z/t3+hf6l/+H//f/9//3//f/9//3//f1F/cwQAAAAAAAAAAAAAAAAAAAAAAAAAAPUF4gkODJoN2Q0XDXULOArtCIQHMAaFBY0EqwOsAqUB4wP6BxsLQg2CDrIO3g3tFE0UKxMoEoYQFg+LDYIMyAs7CxMLSQxjDlMQJxHkEPIP9x13HX8c+hseG78ZNBiyFlcVLxRNE/sSqRPhFGsVWhTrEt4meSaFJcskYSSmI4wiMyHOH3EeNh0oHIgbsBu2G3gZlBeXL1Mvdi6LLQctkyztK/8q4imyKGcnNSYeJTYk5SKVIEEeLTgCOE43TTaINRs1pDQONDgzRzI8MRcw/C6+LfUrMSl+JpBAckDrPwg/GD57PRY9ozwPPF47lTqpOaA4czeeNYUyYC/3SNtIaUiiR6VG3EViRQNFm0QqRMBDMkNJQvZAJz/3O3Q4UlE5UdVQI1AsT0BOok1JTQ5N/UzqTKRM2UtySlRIDkVcQXxZZ1kNWXFYk1emVuxVnVXAVQFW/FWqVf1Up1NxUQ9OREqcYX5hJmGfYNRf9F4wXgJeV16uXrFebV7XXaFcZlrwVihTrWmVaU1p02gnaH1nAmfZZgJnOWczZ+1mcmZ2ZW9jFGAYXNVxwHGFcRRxcnDVb2FvQG9bb39vfm9Eb85u2G3ta8JoC2UHefl4wnhaeMh3OXfHdqN2wnb8dh93A3endu91eXStcS9u533afbJ9b30MfZt8ZXxDfG98wnwIfQ999XycfPR7fHq1d/9//3//f/9//3/Wf69/xX//f/9//3//f/9//3//f/9/SX8BBoIDAAAAAAAAAAAAAAAAAAAAAAAA3wZpCkkMbg25DacMFQy/CrYIjgeNBpEFnQTMAxkDlQOLBcgIpQuADWQOoQ6JDWgVjRT7EtQRKRC5DmYNVgyvC18LmQvaDNoOjhAzEfIQwg/7HY0djxzfGwYbbRmsFw4WtRS9ExwTJRPsExcVrRWpFPoSoiZNJnMl0yRnJKUjZyLKIC8f0R2WHLsbbBu6G9Yb0xmoFzsv+i5LLnEtBC2bLOQr2CqWKTso2SaRJZ8k1yPXIsQgVx7CN4w3+jYNNmA1/jSSNO0zDjMKMtcwkC9PLgUtXCsIKZMmJ0D6P34/pz7APS89yjxdPM87GTs0Oic5/jecNr80IjJyL29ISEjgRyFHMkZkReFEgUQlRLlDNUN3QntBIUAYPjs7Ozs8Ozw7PDtEOAAA/wB9A9UFEQjpCUALXAxHDRgO6w6bD94PVA90DY0KyQhUBL4B4wAiA4IF2Ad3Cc0K7wvvDN4Nuw4pD8wODw0NClMIJgeTBScCAAC3AdkDVgXoBoQIEQpdC4MMWw2NDdcLyAjpBoAJUAhVBT8CAAC/AD0ClwMGBdAGSAi0CRYLywuHCkwHBwUCDOUKIQgVBWECAAAAAAsCHgNBBPcFbAfmCBkKDgoFB70ELg5NDf0KEQgUBTMBAAAAAAAAqAIZBMQFIAc2CJ0IQQd2BdAPEw/MDBAKdAdiBAAAAAAAAAAAGQGjA6IF+wblB2kHggZXEbQQwQ4YDDYJZwbCAgAAAAAAAAAAAABsAw0GmgeNB0QHIhOUEtIQRw5rC2AINgUAAAAAAAAAAAAAbwICBYYH7gcMCIEU8BNLEukPLw1mClIHbQMAAAAAAAAAAGUBoQQNB1MIygjyFWoVzBNzEbMO4gsXCQoGGwOIAu0CfgLpAn4EzQbwB6QIOhe2FikV+hI0EG8NxgomCOwF/AMGA0cD7QMdBcQGoQdOCFUY1xd5FpsUEBI7D1oMAAreBwcGnwSPBMgEqgXrBrcHxgeHGSEZ7RfWFYITvhDfDUALCAlsBw8GjAVtBdcF9QYACIsICBmmGH4XkxVpE+8QXg4cDCkKPgiwBhsGVAbcBtsH5whXCdIWcxZXFcsTqRFuDwQNcAuECnQJ4AgvCBwI6Ad0CLUJ9wrIE4oTxxJuEXkPcA3kCxML/goEC/MKmgpTCroJ7QheCYwKPgoOCo4KbAu8DB4OGA8REOYQoxFoEgcTZRPjElYRpA4qDN4KDAr9CTkKEQttDJ4Nrg6vD40QchE4ErgSchL4EEAO1AsuDEMLCQq0CYMJCAqrCo0LvgznDRsPJBACEVMR5w8/DbsKnQ2kDMgK8wmkCYoJfAnHCWYKWQt1DKcN3A7HD9MOMAyBCWQPgg5+DLkKvAlzCW0JcwmLCQoKuQrCC/IMTw55DtELPwkuEWwQgw4vDGwKdAkzCSoJRQlvCekJjAp1C1YMyAyiC/wJxBIZEkMQ4A24CxMKLQnSCJ4I2QgaCbIJTgpIC94LdguoCgcUbBOpEWQPCQ0eC3kJywhWCEYIcAijCJUJcAqTC28L+gqxFSQVfBM9EaMOQwxsCuAIXAgVCHEI4wg4CScKhQuuC00LEheKFgYV6xJdENMNfguiCZUIxAgqCVIJigkCCiILtQvEC2EY5xd3FnIU5xFID9IMtgqRCc0J0gnDCcsJTwoWC1ULgQt6GQEZqBfCFWQT1hBrDl8MGwtmCkcKLQoSCloKCAsYC9wKdhoCGusYIRfyFHsSCxAfDn4MTwvHCrcKsgquCt0KzwotCtUbdBtNGmEYNRbJE1kRSw+vDVMMXgvuCsAKyAoEC8cKaAqWG0AbPBqeGIYWKBS9EcwPNQ7kDNkLPQvFCqAK9ApBCy4LcBkZGSgYyhbOFAITFRF4Dy8O8wwqDLsLawszCwkLpgteDIMWQRZ3FRsUWBJ9EHMP4w6HDksOxw0/DbsM/wsJC0oLLgw7ExUTUBPyE94U4xXAFpUXVBgPGdEZlRrvGkga4Bh3FuITcRMbEwcTIhOpE5QUjRVrFkYXHBjyGNoZTBrsGYYYKBaYE1YU0hMjE9QSWhJyEt4SsBOpFKoVsRbMF7QY5xixF2YV0hJ3FcgUchMCE7gSQRL7EQkSchI7EzUUVRWVFnQX2xZ7FOcRpBYCFnkUHhO1EnsSNBLsEdwREhKnEnoTnhQDFnUWyBNEEREYixfsFRsU1RJHEhUS8RHREdUR9BFiEgsT7RNPFBMTOhGUGRYZiRdyFZQTYhLKEaYRhxGJEZoRuxEfEqES/xKIEnwRyxpVGvUY6ha8FOUS0hFOESsRIRE5EVQRjxEMEnkSShK2EQYcmBtRGlAYDBbXEy0SRRHsEOoQEBFNEX8RwBFOEhoStxFoHQEdzBvTGY0XKhX+EpkR/BAcEW8RoxG+EeYREBLiEWQRmx41HhIdNBsAGaEWQxSBEtgR7xEQEg8S/hH2EQQSYBHaEJ8fQh8sHmkcUBoNGMYV7hP/EsMSoRJ8EkQSBBKxEcgQ+Q+UID0gOB+gHaMbhBl+F8kVfBSdEzQT4xKMEhkSdRE5ELAOwiFuIYggDx//HNsayxgOF6YVihS1ExoTmBLwETARuw8WDg0iwyHqIIIfjh2BG1wZfhf/FcUUzhMHEyQSNhF9EHcPGw5iICEgXR8XHoccnBr4GB0XMhWjE8YSMRJnEXQQeA8AD2oOSh0QHWAcWRsWGrgYiBd8FnsVVxQcEwMS6xDDD5EOnw73DncbcRuvGzkcBR3rHccemB9dICgh7SG9IhQjdSL2ILIeBRynG44bjxu6Gzwc8xzHHaceeB9SIC0hFiKJIiIiqyB1Hs8bVxwCHMEbkhslGyobiRs/HCMdGR4eHzYgFCEfIe0fxx0qGzId1BwUHNobqhsIG5cakBruGq4bpxzOHfoeqh8ZH/AcRhpVHu0d4hzwG7obihsaG5EaUBqGGgIb3hsEHTIeYR4JHFwZqx9CHxoenRymG1obJxvbGpQaaxpxGrsabBs1HGMcBBviGBMhpyCLH84dLBwoG84anxqBGm8aTxpDGnAayBrkGjQa9Rh2IhAi9SA4Hy0dkBuTGi0aEBoYGhEaABoHGiUaMhrNGSQZtyNVI0MilCB0Hlsc1Br5GaIZqhnOGdsZ6Bn7GeAZfRl+GX4Zfhl/GQAZ