AAAcADgAVABvAIwAqADEAOAA/QAZATYBUgFvAYwBqQHGAeQBAQIeAjwCWQJ3ApUCswLRAu8CDQMrA0oDaAOHA6UDxAPjAwIEIQRABGAEfwSfBL4E3gT+BB4FPgVeBX4FngW+Bd4F/wUfBj8GYAaABqAGwQbhBgIHIgdCB2MHgwekB8QH5AcFCCUIRQhmCIYIpgjGCOcIBwknCUcJZwmHCacJxwnnCQcKJwpHCmcKhwqmCsYK5goGCyULRQtlC4ULpAvEC+QLAwwjDEIMYgyCDKEMwQzhDAANIA0/DV8Nfw2eDb4N3Q39DRwOPA5bDnsOmg66DtkO+Q4YDzcPVw92D5UPtQ/UD/MPEhAxEFEQcBCPEK4QzRDsEAsRKhFJEWcRhhGlEcQR4hEBEiASPhJdEnsSmhK4EtcS9RIUEzITUBNvE40TqxPJE+gTBhQkFEIUYBR/FJ0UuxTZFPcUFRUzFVIVcBWOFawVyhXoFQYWJBZDFmEWfxadFrsW2Rb3FhUXNBdSF3AXjhesF8sX6RcHGCUYQxhiGIAYnhi8GNoY+RgXGTUZUxlyGZAZrhnMGeoZCRonGkUaZBqCGqAavxrdGvwaGhs5G1cbdhuUG7Mb0RvwGw4cLRxMHGociRynHMYc5RwDHSIdQR1fHX4dnR27Hdod+R0YHjYeVR5zHpIesR7PHu4eDR8rH0ofaB+HH6UfxB/jHwEgICA+IF0geyCaILkg1yD2IBUhMyFSIXEhjyGuIc0h7CEKIikiSCJnIoYipCLDIuIiASMgIz4jXSN8I5sjuiPYI/cjFiQ1JFQkcySRJLAkzyTuJA0lLCVLJWoliSWoJccl5iUGJiUmRCZjJoMmoibCJuEmAScgJ0AnXyd/J54nvifeJ/0nHSg9KF0ofCicKLwo3Cj8KBwpPClcKXwpnCm8Kdwp/CkcKjwqXSp9Kp0qvSreKv4qHis+K18rfyufK8Ar4CsALCEsQSxiLIIsoizDLOMsBC0kLUUtZS2FLaYtxi3nLQcuKC5ILmkuiS6pLsou6i4KLysvSy9rL4wvrC/ML+0vDTAtME4wbjCOMK4wzzDvMA8xMDFQMXAxkDGxMdEx8TERMjEyUjJyMpIysjLSMvIyEjMyM1IzcjOSM7Iz0jPzMxM0MzRTNHM0lDS0NNQ09DQVNTU1VTV2NZY1tjXWNfc1FzY4Nlg2eDaZNrk22jb6Nhs3OzdcN3w3nTe9N943/zcfOEA4YTiCOKI4wzjkOAQ5JTlGOWY5hzmoOck56jkKOis6TDptOo06rjrPOu86EDsxO1I7cjuTO7Q71Tv1OxY8NzxYPHg8mTy6PNs8/DwcPT09Xj1/PaA9wT3iPQI+Iz5EPmU+hj6nPsg+6T4JPyo/Sz9sP40/rj/PP/A/EUAyQFNAdECUQLVA1kD3QBhBOEFZQXpBm0G7QdxB/UEdQj5CXkJ/QqBCwELhQgFDIkNCQ2JDg0OjQ8RD5EMERCVERURlRIZEpkTGROZEBkUnRUdFZ0WHRadFx0XnRQdGJ0ZHRmdGh0anRsdG50YHRydHR0dmR4ZHpkfGR+ZHBUglSEVIZUiESKRIw0jjSANJIklCSWFJgUmgScBJ4En/SR9KP0peSn5KnUq9St1K/EocSzxLW0t7S5tLukvaS/lLGUw5TFhMeEyYTLdM10z3TBZNNk1WTXZNlU21TdVN9U0VTjVOVU51TpVOtU7VTvVOFU81T1ZPdk+WT7ZP10/3TxhQOFBYUHlQmVC6UNtQ+1AcUTxRXVF+UZ5Rv1HgUQBSIVJCUmNSg1KkUsVS5lIHUyhTSFNpU4pTq1PMU+1TDlQuVE9UcFSRVLFU0lTzVBNVNFVUVXVVllW2VddV+FUZVjlWWlZ7VpxWvVbeVv9WIFdBV2JXg1ekV8VX5lcHWChYSVhqWItYrFjMWO1YDlkvWVBZcFmRWbJZ0lnzWRNaNFpVWnValVq1WtZa9loWWzZbVlt2W5ZbtlvVW/VbFVw0XFRcc1yTXLJc0VzxXBBdL11OXW1djF2rXctd6V0IXideRl5lXoReol7BXuBe/14dXzxfW195X5hftl/VX/RfEmAxYE9gbmCMYKtgymDoYAdhJmFEYWNhgmGgYb9h3mH9YRtiOmJZYnhil2K2YtVi9GITYzJjUWNwY49jrmPNY+1jDGQrZEpkamSJZKhkyGTnZAZlJmVFZWRlhGWjZcNl4mUBZiFmQGZfZn5mnma9Zt1m/GYcZztnW2d6Z5pnumfaZ/lnGWg5aFloeGiYaLho2Gj4aBhpOGlYaXhpmGm4adhp+GkYajhqWGp5aplquWrZavpqGms6a1tre2uca7xr3Wv9ax5sPmxfbIBsoGzBbOJsA20kbURtZW2GbadtyG3obQluKm5LbmxujW6ubtBu8W4SbzNvVW92b5dvuW/ab/xvHXA/cGBwgnCjcMVw53AJcSpxTHFucZBxsnHUcfZxGHI7cl1yf3KhcsRy5nIJcytzTnNwc5NztXPYc/pzHXRAdGJ0hXSodMt07XQQdTN1VnV5dZx1vnXhdQR2J3ZLdm52kXa0dtd2+nYdd0F3ZHeHd6p3zXfxdxR4N3haeH14oHjDeOd4CnkteVB5c3mWebl53Hn/eSJ6RXpoeot6rnrRevR6F3s6e117f3uie8V76HsLfC58UXx0fJd8uXzcfP98In1FfWh9i32ufdF99H0Wfjl+XH5/fqJ+xX7ofgt/Ln9Rf3N/ln+5f9x//38AABwAOQBVAHIAjwCrAMgA5QACAR8BPAFZAXcBlAGxAc8B7AEKAigCRgJkAoICoAK+AtwC+gIZAzcDVgN1A5MDsgPRA/ADDwQuBE0EbQSMBKwEywTrBAoFKgVKBWoFigWqBcoF6gUKBioGSgZqBooGqgbKBuoGCgcqB0sHaweLB6sHywfrBwsIKwhLCGsIiwirCMsI6wgLCSsJSwlqCYoJqgnKCekJCQopCkkKaAqICqcKxwrnCgYLJgtFC2ULhAukC8ML4wsCDCIMQQxhDIAMoAy/DN8M/gweDT0NXQ18DZwNuw3aDfoNGQ44DlgOdw6WDrYO1Q70DhMPMw9SD3EPkA+vD84P7Q8MECsQShBpEIgQpxDGEOUQBBEjEUIRYBF/EZ4RvBHbEfoRGBI3ElUSdBKSErESzxLuEgwTKxNJE2gThhOkE8MT4RP/Ex4UPBRaFHkUlxS1FNMU8hQQFS4VTRVrFYkVpxXGFeQVAhYgFj8WXRZ7FpkWuBbWFvQWEhcxF08XbReLF6oXyBfmFwQYIxhBGF8YfRicGLoY2Bj2GBUZMxlRGW8ZjRmsGcoZ6BkGGiQaQxphGn8anRq8Gtoa+BoWGzUbUxtxG48brhvMG+obCBwnHEUcYxyCHKAcvhzdHPscGR04HVYddB2THbEd0B3uHQweKx5JHmgehh6kHsMe4R4AHx4fPB9bH3kflx+2H9Qf8h8RIC8gTSBsIIogqCDHIOUgBCEiIUEhXyF+IZwhuyHZIfghFyI1IlQicyKRIrAizyLtIgwjKyNKI2gjhyOmI8Uj5CMDJCIkQSRgJH8kniS9JNwk+yQaJTklWCV3JZcltiXVJfQlFCYzJlMmciaRJrEm0CbwJg8nLydOJ24njSetJ8wn7CcLKCsoSyhqKIooqSjJKOkoCCkoKUcpZymGKaYpxinlKQUqJSpEKmQqgyqjKsMq4ioCKyErQSthK4AroCvAK98r/ysfLD4sXix+LJ0svSzdLPwsHC08LVstey2bLbst2i36LRouOi5aLnkumS65Ltku+S4YLzgvWC94L5gvuC/XL/cvFzA3MFcwdzCXMLYw1jD2MBYxNjFWMXYxljG2MdUx9TEVMjUyVTJ1MpUytDLUMvQyFDM0M1MzczOTM7Mz0zPyMxI0MjRSNHI0kjSyNNI08jQSNTI1UjVyNZI1sjXSNfI1EjYyNlI2czaTNrM20zbzNhM3MzdUN3Q3lDe0N9U39TcVODU4Vjh2OJY4tzjXOPc4Fzk4OVg5eTmZObk52jn6ORo6OzpbOnw6nDq9Ot06/joeOz87XzuAO6A7wTvhOwI8IjxDPGQ8hDylPMU85jwHPSc9SD1pPYk9qj3LPew9DD4tPk4+bz6QPrA+0T7yPhM/ND9VP3Y/lz+4P9k/+j8bQDtAXEB9QJ5Av0DgQAFBIkFDQWRBhUGmQcdB6EEJQilCSkJrQoxCrULOQu9CEEMxQ1JDckOTQ7RD1UP2QxdEOERZRHlEmkS7RNxE/UQeRT9FYEWARaFFwkXjRQRGJUZFRmZGh0aoRslG6kYKRytHTEdtR45HrkfPR/BHEUgySFJIc0iUSLVI1Uj2SBdJN0lYSXlJmUm6SdtJ+0kcSj1KXUp+Sp9Kv0rgSgFLIUtCS2JLg0ukS8RL5UsFTCZMRkxnTIdMqEzITOlMCU0pTUpNak2LTatNzE3sTQ1OLU5OTm5Oj06vTtBO8E4RTzFPUk9yT5NPs0/UT/RPFVA2UFZQd1CXULdQ2FD4UBlROVFaUXpRm1G7UdtR/FEcUjxSXVJ9Up1SvlLeUv5SH1M/U19Tf1OgU8BT4FMAVCBUQFRgVIBUoFTAVOBUAFUgVUBVYFWAVZ9Vv1XfVf9VH1Y/Vl9WgFagVsBW4FYBVyFXQVdiV4JXolfDV+NXBFgkWEVYZViFWKZYxljnWAdZKFlIWWhZiVmpWclZ6lkKWitaS1prWotaq1rMWuxaDFssW0xbbFuMW6xby1vrWwtcK1xLXGpcilyqXMlc6VwIXShdR11nXYZdpl3FXeRdBF4jXkJeYl6BXqBev17fXv5eHV88X1tfel+ZX7lf2F/3XxZgNWBUYHNgkmCyYNFg8GAPYS5hTmFtYYxhq2HLYephCmIpYkhiaGKHYqdixmLmYgVjJWNEY2Rjg2OjY8Nj4mMCZCFkQWRhZIBkoGTAZOBk/2QfZT9lX2V+ZZ5lvmXdZf1lHWY9ZlxmfGacZrtm22b7ZhtnO2dbZ3tnm2e7Z9tn+2cbaDtoW2h7aJtou2jcaPxoHGk8aVxpfWmdab1p3mn+aR5qP2pfaoBqoGrBauFqAmsia0NrY2uEa6VrxWvmawdsKGxIbGlsimyrbMxs7WwObS9tUG1xbZJts23UbfVtFm44blluem6bbr1u3m7/biFvQm9kb4Vvp2/Ib+pvDHAtcE9wcXCScLRw1nD4cBpxPHFecYBxonHEceZxCHIqckxybnKRcrNy1nL4chpzPXNfc4JzpXPHc+pzDHQvdFF0dHSXdLl03HT/dCF1RHVndYl1rHXPdfJ1FHY3dlp2fXafdsJ25XYIdyt3TXdwd5N3tnfYd/t3HnhBeGR4hnipeMx473gReTR5V3l6eZx5v3nieQV6J3pKem16kHqyetV6+Hobez17YHuDe6Z7yHvrew58MXxUfHZ8mXy8fN98AX0kfUd9an2Nfa990n31fRh+O35dfoB+o37Gful+C38uf1F/dH+Xf7l/3H//fwAAHQA6AFcAdACSAK8AzQDqAAgBJQFDAWEBfwGdAbsB2QH3ARUCNAJSAnACjwKuAswC6wIKAykDSANnA4YDpQPEA+QDAwQjBEIEYgSCBKIEwQTiBAIFIgVCBWIFggWiBcMF4wUDBiQGRAZkBoUGpQbGBuYGBwcnB0gHaAeIB6kHyQfqBwoIKghLCGsIjAisCMwI7AgNCS0JTQltCY0JrgnOCe4JDgouCk4KbgqOCq4KzgruCg4LLgtOC24LjguuC80L7QsNDC0MTQxtDIwMrAzMDOwMDA0sDUsNaw2LDasNyw3qDQoOKg5KDmkOiQ6pDsgO6A4HDycPRw9mD4YPpQ/FD+QPAxAjEEIQYRCBEKAQvxDeEP0QHRE8EVsRehGZEbgR1xH2ERQSMxJSEnESkBKvEs0S7BILEyoTSBNnE4YTpBPDE+ITABQfFD4UXBR7FJoUuBTXFPYUFBUzFVIVcBWPFa4VzRXrFQoWKRZIFmYWhRakFsMW4hYAFx8XPhddF3wXmxe6F9kX+BcWGDUYVBhzGJIYsRjQGO8YDhktGUsZahmJGagZxxnmGQUaJBpCGmEagBqfGr4a3Rr8GhobORtYG3cblhu0G9Mb8hsRHDAcThxtHIwcqhzJHOgcBx0lHUQdYx2CHaAdvx3eHf0dHB46HlkeeB6XHrYe1B7zHhIfMR9QH24fjR+sH8sf6R8IICcgRiBkIIMgoiDBIOAg/yAdITwhWyF6IZkhuCHXIfYhFSI0IlMiciKRIrAizyLuIg0jLCNLI2ojiSOoI8cj5iMGJCUkRCRjJIIkoSTAJOAk/yQeJT0lXSV8JZsluyXaJfolGSY4JlgmdyaXJrYm1ib1JhUnNSdUJ3QnkyezJ9Mn8icSKDIoUShxKJEosCjQKPAoDykvKU8pbymOKa4pzinuKQ0qLSpNKm0qjSqsKswq7CoMKywrTCtrK4srqyvLK+srCywrLEssayyLLKssyyzrLAstKy1LLWstiy2rLcst6y0LLiwuTC5sLowurC7MLuwuDC8sL0wvbC+ML6wvzC/sLwwwLDBMMGwwjDCsMMww7DAMMSwxTDFsMYwxrDHMMewxDDIsMkwybDKMMqwyzDLsMgszKzNLM2szizOrM8sz6zMLNCs0SzRrNIs0qzTLNOs0CzUrNUs1bDWMNaw1zDXsNQw2LTZNNm02jTatNs427jYONy43TzdvN483sDfQN/A3ETgxOFE4cjiSOLM40zjzOBQ5NDlVOXU5ljm2Odc59zkYOjg6WTp6Opo6uzrcOvw6HTs+O187gDugO8E74jsDPCQ8RTxmPIc8qDzJPOo8Cz0sPU49bz2QPbE90j30PRU+Nj5YPnk+mz68Pt0+/z4gP0I/Yz+FP6c/yD/qPwtALUBPQHBAkkC0QNVA90AZQTpBXEF+QZ9BwUHiQQRCJkJHQmlCi0KsQs5C8EISQzNDVUN3Q5hDukPcQ/1DH0RBRGJEhESmRMhE6UQLRS1FT0VwRZJFtEXWRfhFGUY7Rl1Gf0ahRsJG5EYGRyhHSkdrR41Hr0fRR/JHFEg2SFhIeUibSL1I3kgASSJJQ0llSYZJqEnJSetJDUouSlBKcUqTSrRK1kr3ShlLOktcS31LnkvAS+FLAkwjTEVMZkyHTKhMyUzqTAtNLE1NTW5Nj02wTdFN8k0TTjROVU52TpdOt07YTvlOGk86T1tPfE+cT71P3k/+Tx9QP1BgUIBQoVDBUOFQAlEiUUJRY1GDUaNRw1HjUQNSJFJEUmRShFKkUsRS5FIEUyRTQ1NjU4NTo1PCU+JTAlQhVEFUYFR/VJ9UvlTdVP1UHFU7VVpVeVWYVbdV11X2VRVWNFZTVnNWklaxVtFW8FYQVy9XT1duV45XrVfNV+xXDFgsWEtYa1iKWKpYyVjpWAlZKFlIWWdZh1mnWcZZ5lkGWiVaRVpkWoRao1rDWuJaAlshW0FbYFt/W59bvlvdW/1bHFw7XFpcelyZXLhc11z2XBZdNV1UXXNdkl2xXdBd710OXi1eTF5rXopeqF7HXuZeBV8kX0JfYV+AX59fvV/cX/tfGWA4YFdgdWCUYLNg0mDwYA9hLmFNYWthimGpYchh52EGYiRiQ2JiYoFioGK/Yt5i/WIcYztjWmN5Y5hjt2PWY/ZjFWQ0ZFNkcmSRZLBk0GTvZA5lLWVMZWtlimWpZchl52UGZiZmRGZjZoJmoWbAZt9m/mYdZzxnW2d7Z5pnuWfYZ/dnFmg1aFRoc2iTaLJo0WjwaA9pLmlOaW1pjGmracpp6mkJaihqR2pnaoZqpWrFauRqBGsja0JrYmuBa6FrwWvgawBsIGw/bF9sf2yfbL9s32z+bB5tPm1ebX5tnm2+bd5t/20fbj9uX25/bqBuwG7gbgFvIW9Bb2Jvgm+jb8Nv5G8EcCVwRnBmcIdwqHDIcOlwCnErcUxxbXGOca5x0HHxcRJyM3JUcnVyl3K4ctly+3Iccz5zYHOBc6NzxXPmcwh0KnRMdG50kHSydNR09nQYdTp1XHV/daF1w3XldQd2KnZMdm52kXazdtV2+HYadzx3X3eBd6N3xnfodwp4LHhPeHF4k3i2eNh4+ngceT55YXmDeaV5x3npeQt6LXpPenF6k3q1etd6+Xobez17X3uBe6N7xXvnewl8K3xNfG98kHyyfNR89nwYfTp9XH19fZ99wX3jfQV+Jn5Ifmp+jH6ufs9+8X4TfzV/Vn94f5p/vH/df/9/