AAAgAEAAYACAAKAAwADgAAABIAFAAWABgAGgAcAB4AEAAiECQQJhAoECoQLBAuECAQMhA0EDYQOBA6EDwQPhAwEEIQRBBGEEgQShBMEE4QQBBSEFQQVhBYEFoQXBBeEFAQYhBkIGYgaCBqIGwgbiBgIHIgdCB2IHggeiB8IH4gcCCCIIQghiCIIIogjCCOIIAgkiCUIJYgmCCaIJwgniCQIKIgpCCmMKgwqjCsMK4woDCyMLQwtjC4MLowvDC+MLAwwjDEMMYwyDDKMMwwzjDAMNIw1DDWMNgw2jDcMN4w0DDiMOQw5jDoQOpA7EDuQOBA8kD0QPZA+ED6QPxA/kDwQQJBBEEGQQhBCkEMQQ5BAEESQRRBFkEYQRpBHEEeQRBBIkEkQSZBKEEqUSxRLlEgUTJRNFE2UThROlE8UT5RMFFCUURRRlFIUUpRTFFOUUBRUlFUUVZRWFFaUVxRXlFQUWJRZFFmUWhRalFsYW5hYGFyYXRhdmF4YXphfGF+YXBhgmGEYYZhiGGKYYxhjmGAYZJhlGGWYZhhmmGcYZ5hkGGiYaRhpmGoYaphrGGucaBxsnG0cbZxuHG6cbxxvnGwccJxxHHGcchxynHMcc5xwHHScdRx1nHYcdpx3HHecdBx4nHkceZx6HHqcexx7nHggfKB9IH2gfiB+oH8gf6B8IICggSCBoIIggqCDIIOggCCEoIUghaCGIIaghyCHoIQgiKCJIImgiiCKoIsgi6CIIIykjSSNpI4kjqSPJI+kjCSQpJEkkaSSJJKkkySTpJAklKSVJJWkliSWpJckl6SUJJikmSSZpJokmqSbJJukmCScpJ0onaieKJ6onyifqJwooKihKKGooiiiqKMoo6igKKSopSilqKYopqinKKeopCioqKkoqaiqKKqoqyirqKgorKitKK2sriyurK8sr6ysLLCssSyxrLIssqyzLLOssCy0rLUstay2LLastyy3rLQsuKy5LLmsuiy6rLssu6y4LLysvSy9rL4wvrC/ML+wvDDAsMEwwbDCMMKwwzDDsMAwxLDFMMWwxjDGsMcwx7DEMMiwyTDJsMowyrDLMMuwyDDMsM0wzbDOMM60zzTPtMw00LTRNNG00jTStNM007TQNNS01TTVtNY01rTXNNe01DTYtNk02bTaNNq02zTbtNg03LTdNN203jTetN8437jcOOC44TjhuOI44rjjOOO44DjkuOU45bjmOOa45zjnuOQ46LjpOOm46jjquOs467joOOy47TjtuO447rjvOO+87DzwvPE88bzyPPK88zzzvPA89Lz1PPW89jz2vPc897z0PPi8+Tz5vPo8+rz7PPu8+Dz8vP08/bz+PP68/zz/vPxBAMEBQQHBAkECwQNBA8EAQQTBBUEFwQZBBsEHQQfBBEEIwQlBCcEKQQrBC0ELwQhBDMENQQ3BDkEOwQ9BD8EMQRDFEUURxRJFEsUTRRPFEEUUxRVFFcUWRRbFF0UXxRRFGMUZRRnFGkUaxRtFG8UYRRzFHUUdxR5FHsUfRR/FHEUgxSFJIckiSSLJI0kjySBJJMklSSXJJkkmySdJJ8kkSSjJKUkpySpJKskrSSvJKEksyS1JLckuSS7JL0kvySxJMMkxSTHNMk0yzTNNM80wTTTNNU01zTZNNs03TTfNNE04zTlNOc06TTrNO007zThNPM09TT3NPk0+zT9NP808TUDNQU1BzUJRQtFDUUPRQFFE0UVRRdFGUUbRR1FH0URRSNFJUUnRSlFK0UtRS9FIUUzRTVFN0U5RTtFPUU/RTFFQ0VFRUdFSUVLVU1VT1VBVVNVVVVXVVlVW1VdVV9VUVVjVWVVZ1VpVWtVbVVvVWFVc1V1VXdVeVV7VX1Vf1VxVYNVhVWHVYlVi1WNZY9lgWWTZZVll2WZZZtlnWWfZZFlo2WlZadlqWWrZa1lr2WhZbNltWW3Zbllu2W9Zb9lsWXDZcVlx2XJZctlzWXPdcF103XVddd12XXbdd1133XRdeN15XXndel163Xtde914XXzdfV193X5dft1/XX/dfF2A3YFdgd2CXYLdg12D3YBhhOGFYYXhhmGG4Ydhh+GEYYjhiWGJ4YphiuGLYYvhiGGM4Y1hjeGOYY7hj2GP4YxhkOGRYZHhkmGS4ZNhk+GQYZTllWWV5ZZlluWXZZfllGWY5ZllmeWaZZrlm2Wb5ZhlnOWdZZ3lnmWe5Z9ln+WcZaDloWWh5aJlouWjZaPloGWk5aVppemmaabpp2mn6aRpqOmpaanpqmmq6atpq+moaazprWmt6a5prumvaa/prGmw6bFpsemyabLps2mz6bBptOm1abXttm227bdtt+20bbjtuW257bptuu27bbvtuG287b1tve2+bb7tv22/7bxtwO3BbcHtwm3C7cNtw+3AbcTtxW3F7cZxxvHHccfxxHHI8clxyfHKccrxy3HL8chxzPHNcc3xznHO8c9xz/HMcdDx0XHR8dJx0vHTcdPx0HHU8dVx1fHWcdb113XX9dR12PXZddn12nXa9dt12/XYddz13XXd9d513vXfdd/13HXg9eF14fXideL143Xj9eB15PXldeX15nXm9ed55/nkeej56Xnp+ep56vnreev56Hns+e157fnuee7573nv+ex58PnxefH58nny+fN58/nwefT59Xn1+fZ59vn3eff99H34/fl9+f36ffr9+337/fh9/P39ff39/n3+/f99//38AACAAQABgAIAAoADAAOAAAAEgAUABYAGAAaABwAHgAQACIQJBAmECgQKhAsEC4QIBAyEDQQNhA4EDoQPBA+EDAQQhBEEEYQSBBKEEwQThBAEFIQVBBWEFgQWhBcEF4QUBBiEGQgZiBoIGogbCBuIGAgciB0IHYgeCB6IHwgfiBwIIIghCCGIIggiiCMII4ggCCSIJQgliCYIJognCCeIJAgoiCkIKYwqDCqMKwwrjCgMLIwtDC2MLgwujC8ML4wsDDCMMQwxjDIMMowzDDOMMAw0jDUMNYw2DDaMNww3jDQMOIw5DDmMOhA6kDsQO5A4EDyQPRA9kD4QPpA/ED+QPBBAkEEQQZBCEEKQQxBDkEAQRJBFEEWQRhBGkEcQR5BEEEiQSRBJkEoQSpRLFEuUSBRMlE0UTZROFE6UTxRPlEwUUJRRFFGUUhRSlFMUU5RQFFSUVRRVlFYUVpRXFFeUVBRYlFkUWZRaFFqUWxhbmFgYXJhdGF2YXhhemF8YX5hcGGCYYRhhmGIYYphjGGOYYBhkmGUYZZhmGGaYZxhnmGQYaJhpGGmYahhqmGsYa5xoHGycbRxtnG4cbpxvHG+cbBxwnHEccZxyHHKccxxznHAcdJx1HHWcdhx2nHccd5x0HHiceRx5nHocepx7HHuceCB8oH0gfaB+IH6gfyB/oHwggKCBIIGggiCCoIMgg6CAIISghSCFoIYghqCHIIeghCCIoIkgiaCKIIqgiyCLoIggjKSNJI2kjiSOpI8kj6SMJJCkkSSRpJIkkqSTJJOkkCSUpJUklaSWJJaklySXpJQkmKSZJJmkmiSapJskm6SYJJyknSidqJ4onqifKJ+onCigqKEooaiiKKKooyijqKAopKilKKWopiimqKcop6ikKKioqSipqKooqqirKKuoqCisqK0orayuLK6sryyvrKwssKyxLLGssiyyrLMss6ywLLSstSy1rLYstqy3LLestCy4rLksuay6LLqsuyy7rLgsvKy9LL2svjC+sL8wv7C8MMCwwTDBsMIwwrDDMMOwwDDEsMUwxbDGMMawxzDHsMQwyLDJMMmwyjDKsMswy7DIMMywzTDNsM4wzrTPNM+0zDTQtNE00bTSNNK00zTTtNA01LTVNNW01jTWtNc017TUNNi02TTZtNo02rTbNNu02DTctN003bTeNN603zjfuNw44LjhOOG44jjiuOM447jgOOS45TjluOY45rjnOOe45DjouOk46bjqOOq46zjruOg47LjtOO247jjuuO8477zsPPC88TzxvPI88rzzPPO88Dz0vPU89bz2PPa89zz3vPQ8+Lz5PPm8+jz6vPs8+7z4PPy8/Tz9vP48/rz/PP+8/EEAwQFBAcECQQLBA0EDwQBBBMEFQQXBBkEGwQdBB8EEQQjBCUEJwQpBCsELQQvBCEEMwQ1BDcEOQQ7BD0EPwQxBEMURRRHFEkUSxRNFE8UQRRTFFUUVxRZFFsUXRRfFFEUYxRlFGcUaRRrFG0UbxRhFHMUdRR3FHkUexR9FH8UcRSDFIUkhySJJIskjSSPJIEkkySVJJckmSSbJJ0knySRJKMkpSSnJKkkqyStJK8koSSzJLUktyS5JLskvSS/JLEkwyTFJMc0yTTLNM00zzTBNNM01TTXNNk02zTdNN800TTjNOU05zTpNOs07TTvNOE08zT1NPc0+TT7NP00/zTxNQM1BTUHNQlFC0UNRQ9FAUUTRRVFF0UZRRtFHUUfRRFFI0UlRSdFKUUrRS1FL0UhRTNFNUU3RTlFO0U9RT9FMUVDRUVFR0VJRUtVTVVPVUFVU1VVVVdVWVVbVV1VX1VRVWNVZVVnVWlVa1VtVW9VYVVzVXVVd1V5VXtVfVV/VXFVg1WFVYdViVWLVY1lj2WBZZNllWWXZZllm2WdZZ9lkWWjZaVlp2WpZatlrWWvZaFls2W1ZbdluWW7Zb1lv2WxZcNlxWXHZclly2XNZc91wXXTddV113XZddt13XXfddF143Xlded16XXrde1173XhdfN19XX3dfl1+3X9df918XYDdgV2B3YJdgt2DXYPdgGGE4YVhheGGYYbhh2GH4YRhiOGJYYnhimGK4Ythi+GIYYzhjWGN4Y5hjuGPYY/hjGGQ4ZFhkeGSYZLhk2GT4ZBhlOWVZZXllmWW5Zdll+WUZZjlmWWZ5ZplmuWbZZvlmGWc5Z1lneWeZZ7ln2Wf5ZxloOWhZaHlomWi5aNlo+WgZaTlpWml6aZppumnaafppGmo6alpqemqaarpq2mr6ahprOmtaa3prmmu6a9pr+msabDpsWmx6bJpsumzabPpsGm06bVpte22bbbtt2237bRtuO25bbntum267bttu+24bbztvW297b5tvu2/bb/tvG3A7cFtwe3CbcLtw23D7cBtxO3FbcXtxnHG8cdxx/HEccjxyXHJ8cpxyvHLccvxyHHM8c1xzfHOcc7xz3HP8cxx0PHRcdHx0nHS8dNx0/HQcdTx1XHV8dZx1vXXddf11HXY9dl12fXaddr123Xb9dh13PXddd313nXe9d913/XcdeD14XXh9eJ14vXjdeP14HXk9eV15fXmdeb153nn+eR56Pnpeen56nnq+et56/noeez57Xnt+e557vnvee/57Hnw+fF58fnyefL583nz+fB59Pn1efX59nn2+fd59/30ffj9+X35/fp9+v37ffv9+H38/f19/f3+ff79/33//fwAAIABAAGAAgACgAMAA4AAAASABQAFgAYABoAHAAeABAAIhAkECYQKBAqECwQLhAgEDIQNBA2EDgQOhA8ED4QMBBCEEQQRhBIEEoQTBBOEEAQUhBUEFYQWBBaEFwQXhBQEGIQZCBmIGggaiBsIG4gYCByIHQgdiB4IHogfCB+IHAggiCEIIYgiCCKIIwgjiCAIJIglCCWIJggmiCcIJ4gkCCiIKQgpjCoMKowrDCuMKAwsjC0MLYwuDC6MLwwvjCwMMIwxDDGMMgwyjDMMM4wwDDSMNQw1jDYMNow3DDeMNAw4jDkMOYw6EDqQOxA7kDgQPJA9ED2QPhA+kD8QP5A8EECQQRBBkEIQQpBDEEOQQBBEkEUQRZBGEEaQRxBHkEQQSJBJEEmQShBKlEsUS5RIFEyUTRRNlE4UTpRPFE+UTBRQlFEUUZRSFFKUUxRTlFAUVJRVFFWUVhRWlFcUV5RUFFiUWRRZlFoUWpRbGFuYWBhcmF0YXZheGF6YXxhfmFwYYJhhGGGYYhhimGMYY5hgGGSYZRhlmGYYZphnGGeYZBhomGkYaZhqGGqYaxhrnGgcbJxtHG2cbhxunG8cb5xsHHCccRxxnHIccpxzHHOccBx0nHUcdZx2HHacdxx3nHQceJx5HHmcehx6nHsce5x4IHygfSB9oH4gfqB/IH+gfCCAoIEggaCCIIKggyCDoIAghKCFIIWghiCGoIcgh6CEIIigiSCJoIogiqCLIIugiCCMpI0kjaSOJI6kjySPpIwkkKSRJJGkkiSSpJMkk6SQJJSklSSVpJYklqSXJJeklCSYpJkkmaSaJJqkmySbpJgknKSdKJ2oniieqJ8on6icKKCooSihqKIooqijKKOooCikqKUopaimKKaopyinqKQoqKipKKmoqiiqqKsoq6ioKKyorSitrK4srqyvLK+srCywrLEssayyLLKssyyzrLAstKy1LLWstiy2rLcst6y0LLisuSy5rLosuqy7LLusuCy8rL0svay+ML6wvzC/sLwwwLDBMMGwwjDCsMMww7DAMMSwxTDFsMYwxrDHMMewxDDIsMkwybDKMMqwyzDLsMgwzLDNMM2wzjDOtM80z7TMNNC00TTRtNI00rTTNNO00DTUtNU01bTWNNa01zTXtNQ02LTZNNm02jTatNs027TYNNy03TTdtN403rTfON+43DjguOE44bjiOOK44zjjuOA45LjlOOW45jjmuOc457jkOOi46TjpuOo46rjrOOu46DjsuO047bjuOO647zjvvOw88LzxPPG88jzyvPM887zwPPS89Tz1vPY89rz3PPe89Dz4vPk8+bz6PPq8+zz7vPg8/Lz9PP28/jz+vP88/7z8QQDBAUEBwQJBAsEDQQPBAEEEwQVBBcEGQQbBB0EHwQRBCMEJQQnBCkEKwQtBC8EIQQzBDUENwQ5BDsEPQQ/BDEEQxRFFEcUSRRLFE0UTxRBFFMUVRRXFFkUWxRdFF8UURRjFGUUZxRpFGsUbRRvFGEUcxR1FHcUeRR7FH0UfxRxFIMUhSSHJIkkiySNJI8kgSSTJJUklySZJJsknSSfJJEkoySlJKckqSSrJK0kryShJLMktSS3JLkkuyS9JL8ksSTDJMUkxzTJNMs0zTTPNME00zTVNNc02TTbNN003zTRNOM05TTnNOk06zTtNO804TTzNPU09zT5NPs0/TT/NPE1AzUFNQc1CUULRQ1FD0UBRRNFFUUXRRlFG0UdRR9FEUUjRSVFJ0UpRStFLUUvRSFFM0U1RTdFOUU7RT1FP0UxRUNFRUVHRUlFS1VNVU9VQVVTVVVVV1VZVVtVXVVfVVFVY1VlVWdVaVVrVW1Vb1VhVXNVdVV3VXlVe1V9VX9VcVWDVYVVh1WJVYtVjWWPZYFlk2WVZZdlmWWbZZ1ln2WRZaNlpWWnZallq2WtZa9loWWzZbVlt2W5ZbtlvWW/ZbFlw2XFZcdlyWXLZc1lz3XBddN11XXXddl123Xddd910XXjdeV153Xpdet17XXvdeF183X1dfd1+XX7df11/3XxdgN2BXYHdgl2C3YNdg92AYYThhWGF4YZhhuGHYYfhhGGI4YlhieGKYYrhi2GL4YhhjOGNYY3hjmGO4Y9hj+GMYZDhkWGR4ZJhkuGTYZPhkGGU5ZVlleWWZZbll2WX5ZRlmOWZZZnlmmWa5Ztlm+WYZZzlnWWd5Z5lnuWfZZ/lnGWg5aFloeWiZaLlo2Wj5aBlpOWlaaXppmmm6adpp+mkaajpqWmp6appqumraavpqGms6a1premuaa7pr2mv6axpsOmxabHpsmmy6bNps+mwabTptWm17bZttu23bbfttG247bltue26bbrtu2277bhtvO29bb3tvm2+7b9tv+28bcDtwW3B7cJtwu3DbcPtwG3E7cVtxe3Gccbxx3HH8cRxyPHJccnxynHK8ctxy/HIcczxzXHN8c5xzvHPcc/xzHHQ8dFx0fHScdLx03HT8dBx1PHVcdXx1nHW9dd11/XUddj12XXZ9dp12vXbddv12HXc9d113fXedd7133Xf9dx14PXhdeH14nXi9eN14/XgdeT15XXl9eZ15vXneef55Hno+el56fnqeer563nr+eh57Pntee357nnu+e957/nsefD58Xnx+fJ58vnzefP58Hn0+fV59fn2efb593n3/fR9+P35ffn9+n36/ft9+/34ffz9/X39/f59/v3/ff/9/