AAAAAAAAAAEAAAAAAAIAAAAAAAMAAAAAAAQAAAAAAAUAAAAAAAYAAAAAAAcAAAAAAAgAAAAAAAkAAAAAAAoAAAAAAAsAAAAAAAwAAAAAAA0AAAAAAA4AAAAAAA8AAAAA/w8AAAAAAAAAAQAAAAEAAQAAAAIAAQAAAAMAAQAAAAQAAQAAAAUAAQAAAAYAAQAAAAcAAQAAAAgAAQAAAAkAAQAAAAoAAQAAAAsAAQAAAAwAAQAAAA0AAQAAAA4AAQAAAA8AAQAA/w8AAQAAAAAAAgAAAAEAAgAAAAIAAgAAAAMAAgAAAAQAAgAAAAUAAgAAAAYAAgAAAAcAAgAAAAgAAgAAAAkAAgAAAAoAAgAAAAsAAgAAAAwAAgAAAA0AAgAAAA4AAgAAAA8AAgAA/w8AAgAAAAAAAwAAAAEAAwAAAAIAAwAAAAMAAwAAAAQAAwAAAAUAAwAAAAYAAwAAAAcAAwAAAAgAAwAAAAkAAwAAAAoAAwAAAAsAAwAAAAwAAwAAAA0AAwAAAA4AAwAAAA8AAwAA/w8AAwAAAAAABAAAAAEABAAAAAIABAAAAAMABAAAAAQABAAAAAUABAAAAAYABAAAAAcABAAAAAgABAAAAAkABAAAAAoABAAAAAsABAAAAAwABAAAAA0ABAAAAA4ABAAAAA8ABAAA/w8ABAAAAAAABQAAAAEABQAAAAIABQAAAAMABQAAAAQABQAAAAUABQAAAAYABQAAAAcABQAAAAgABQAAAAkABQAAAAoABQAAAAsABQAAAAwABQAAAA0ABQAAAA4ABQAAAA8ABQAA/w8ABQAAAAAABgAAAAEABgAAAAIABgAAAAMABgAAAAQABgAAAAUABgAAAAYABgAAAAcABgAAAAgABgAAAAkABgAAAAoABgAAAAsABgAAAAwABgAAAA0ABgAAAA4ABgAAAA8ABgAA/w8ABgAAAAAABwAAAAEABwAAAAIABwAAAAMABwAAAAQABwAAAAUABwAAAAYABwAAAAcABwAAAAgABwAAAAkABwAAAAoABwAAAAsABwAAAAwABwAAAA0ABwAAAA4ABwAAAA8ABwAA/w8ABwAAAAAACAAAAAEACAAAAAIACAAAAAMACAAAAAQACAAAAAUACAAAAAYACAAAAAcACAAAAAgACAAAAAkACAAAAAoACAAAAAsACAAAAAwACAAAAA0ACAAAAA4ACAAAAA8ACAAA/w8ACAAAAAAACQAAAAEACQAAAAIACQAAAAMACQAAAAQACQAAAAUACQAAAAYACQAAAAcACQAAAAgACQAAAAkACQAAAAoACQAAAAsACQAAAAwACQAAAA0ACQAAAA4ACQAAAA8ACQAA/w8ACQAAAAAACgAAAAEACgAAAAIACgAAAAMACgAAAAQACgAAAAUACgAAAAYACgAAAAcACgAAAAgACgAAAAkACgAAAAoACgAAAAsACgAAAAwACgAAAA0ACgAAAA4ACgAAAA8ACgAA/w8ACgAAAAAACwAAAAEACwAAAAIACwAAAAMACwAAAAQACwAAAAUACwAAAAYACwAAAAcACwAAAAgACwAAAAkACwAAAAoACwAAAAsACwAAAAwACwAAAA0ACwAAAA4ACwAAAA8ACwAA/w8ACwAAAAAADAAAAAEADAAAAAIADAAAAAMADAAAAAQADAAAAAUADAAAAAYADAAAAAcADAAAAAgADAAAAAkADAAAAAoADAAAAAsADAAAAAwADAAAAA0ADAAAAA4ADAAAAA8ADAAA/w8ADAAAAAAADQAAAAEADQAAAAIADQAAAAMADQAAAAQADQAAAAUADQAAAAYADQAAAAcADQAAAAgADQAAAAkADQAAAAoADQAAAAsADQAAAAwADQAAAA0ADQAAAA4ADQAAAA8ADQAA/w8ADQAAAAAADgAAAAEADgAAAAIADgAAAAMADgAAAAQADgAAAAUADgAAAAYADgAAAAcADgAAAAgADgAAAAkADgAAAAoADgAAAAsADgAAAAwADgAAAA0ADgAAAA4ADgAAAA8ADgAA/w8ADgAAAAAADwAAAAEADwAAAAIADwAAAAMADwAAAAQADwAAAAUADwAAAAYADwAAAAcADwAAAAgADwAAAAkADwAAAAoADwAAAAsADwAAAAwADwAAAA0ADwAAAA4ADwAAAA8ADwAA/w8ADwAAAAD/DwAAAAH/DwAAAAL/DwAAAAP/DwAAAAT/DwAAAAX/DwAAAAb/DwAAAAf/DwAAAAj/DwAAAAn/DwAAAAr/DwAAAAv/DwAAAAz/DwAAAA3/DwAAAA7/DwAAAA//DwAA/w//DwAAAAAAAAABAAEAAAABAAIAAAABAAMAAAABAAQAAAABAAUAAAABAAYAAAABAAcAAAABAAgAAAABAAkAAAABAAoAAAABAAsAAAABAAwAAAABAA0AAAABAA4AAAABAA8AAAAB/w8AAAABAAAAAQABAAEAAQABAAIAAQABAAMAAQABAAQAAQABAAUAAQABAAYAAQABAAcAAQABAAgAAQABAAkAAQABAAoAAQABAAsAAQABAAwAAQABAA0AAQABAA4AAQABAA8AAQAB/w8AAQABAAAAAgABAAEAAgABAAIAAgABAAMAAgABAAQAAgABAAUAAgABAAYAAgABAAcAAgABAAgAAgABAAkAAgABAAoAAgABAAsAAgABAAwAAgABAA0AAgABAA4AAgABAA8AAgAB/w8AAgABAAAAAwABAAEAAwABAAIAAwABAAMAAwABAAQAAwABAAUAAwABAAYAAwABAAcAAwABAAgAAwABAAkAAwABAAoAAwABAAsAAwABAAwAAwABAA0AAwABAA4AAwABAA8AAwAB/w8AAwABAAAABAABAAEABAABAAIABAABAAMABAABAAQABAABAAUABAABAAYABAABAAcABAABAAgABAABAAkABAABAAoABAABAAsABAABAAwABAABAA0ABAABAA4ABAABAA8ABAAB/w8ABAABAAAABQABAAEABQABAAIABQABAAMABQABAAQABQABAAUABQABAAYABQABAAcABQABAAgABQABAAkABQABAAoABQABAAsABQABAAwABQABAA0ABQABAA4ABQABAA8ABQAB/w8ABQABAAAABgABAAEABgABAAIABgABAAMABgABAAQABgABAAUABgABAAYABgABAAcABgABAAgABgABAAkABgABAAoABgABAAsABgABAAwABgABAA0ABgABAA4ABgABAA8ABgAB/w8ABgABAAAABwABAAEABwABAAIABwABAAMABwABAAQABwABAAUABwABAAYABwABAAcABwABAAgABwABAAkABwABAAoABwABAAsABwABAAwABwABAA0ABwABAA4ABwABAA8ABwAB/w8ABwABAAAACAABAAEACAABAAIACAABAAMACAABAAQACAABAAUACAABAAYACAABAAcACAABAAgACAABAAkACAABAAoACAABAAsACAABAAwACAABAA0ACAABAA4ACAABAA8ACAAB/w8ACAABAAAACQABAAEACQABAAIACQABAAMACQABAAQACQABAAUACQABAAYACQABAAcACQABAAgACQABAAkACQABAAoACQABAAsACQABAAwACQABAA0ACQABAA4ACQABAA8ACQAB/w8ACQABAAAACgABAAEACgABAAIACgABAAMACgABAAQACgABAAUACgABAAYACgABAAcACgABAAgACgABAAkACgABAAoACgABAAsACgABAAwACgABAA0ACgABAA4ACgABAA8ACgAB/w8ACgABAAAACwABAAEACwABAAIACwABAAMACwABAAQACwABAAUACwABAAYACwABAAcACwABAAgACwABAAkACwABAAoACwABAAsACwABAAwACwABAA0ACwABAA4ACwABAA8ACwAB/w8ACwABAAAADAABAAEADAABAAIADAABAAMADAABAAQADAABAAUADAABAAYADAABAAcADAABAAgADAABAAkADAABAAoADAABAAsADAABAAwADAABAA0ADAABAA4ADAABAA8ADAAB/w8ADAABAAAADQABAAEADQABAAIADQABAAMADQABAAQADQABAAUADQABAAYADQABAAcADQABAAgADQABAAkADQABAAoADQABAAsADQABAAwADQABAA0ADQABAA4ADQABAA8ADQAB/w8ADQABAAAADgABAAEADgABAAIADgABAAMADgABAAQADgABAAUADgABAAYADgABAAcADgABAAgADgABAAkADgABAAoADgABAAsADgABAAwADgABAA0ADgABAA4ADgABAA8ADgAB/w8ADgABAAAADwABAAEADwABAAIADwABAAMADwABAAQADwABAAUADwABAAYADwABAAcADwABAAgADwABAAkADwABAAoADwABAAsADwABAAwADwABAA0ADwABAA4ADwABAA8ADwAB/w8ADwABAAD/DwABAAH/DwABAAL/DwABAAP/DwABAAT/DwABAAX/DwABAAb/DwABAAf/DwABAAj/DwABAAn/DwABAAr/DwABAAv/DwABAAz/DwABAA3/DwABAA7/DwABAA//DwAB/w//DwABAAAAAAACAAEAAAACAAIAAAACAAMAAAACAAQAAAACAAUAAAACAAYAAAACAAcAAAACAAgAAAACAAkAAAACAAoAAAACAAsAAAACAAwAAAACAA0AAAACAA4AAAACAA8AAAAC/w8AAAACAAAAAQACAAEAAQACAAIAAQACAAMAAQACAAQAAQACAAUAAQACAAYAAQACAAcAAQACAAgAAQACAAkAAQACAAoAAQACAAsAAQACAAwAAQACAA0AAQACAA4AAQACAA8AAQAC/w8AAQACAAAAAgACAAEAAgACAAIAAgACAAMAAgACAAQAAgACAAUAAgACAAYAAgACAAcAAgACAAgAAgACAAkAAgACAAoAAgACAAsAAgACAAwAAgACAA0AAgACAA4AAgACAA8AAgAC/w8AAgACAAAAAwACAAEAAwACAAIAAwACAAMAAwACAAQAAwACAAUAAwACAAYAAwACAAcAAwACAAgAAwACAAkAAwACAAoAAwACAAsAAwACAAwAAwACAA0AAwACAA4AAwACAA8AAwAC/w8AAwACAAAABAACAAEABAACAAIABAACAAMABAACAAQABAACAAUABAACAAYABAACAAcABAACAAgABAACAAkABAACAAoABAACAAsABAACAAwABAACAA0ABAACAA4ABAACAA8ABAAC/w8ABAACAAAABQACAAEABQACAAIABQACAAMABQACAAQABQACAAUABQACAAYABQACAAcABQACAAgABQACAAkABQACAAoABQACAAsABQACAAwABQACAA0ABQACAA4ABQACAA8ABQAC/w8ABQACAAAABgACAAEABgACAAIABgACAAMABgACAAQABgACAAUABgACAAYABgACAAcABgACAAgABgACAAkABgACAAoABgACAAsABgACAAwABgACAA0ABgACAA4ABgACAA8ABgAC/w8ABgACAAAABwACAAEABwACAAIABwACAAMABwACAAQABwACAAUABwACAAYABwACAAcABwACAAgABwACAAkABwACAAoABwACAAsABwACAAwABwACAA0ABwACAA4ABwACAA8ABwAC/w8ABwACAAAACAACAAEACAACAAIACAACAAMACAACAAQACAACAAUACAACAAYACAACAAcACAACAAgACAACAAkACAACAAoACAACAAsACAACAAwACAACAA0ACAACAA4ACAACAA8ACAAC/w8ACAACAAAACQACAAEACQACAAIACQACAAMACQACAAQACQACAAUACQACAAYACQACAAcACQACAAgACQACAAkACQACAAoACQACAAsACQACAAwACQACAA0ACQACAA4ACQACAA8ACQAC/w8ACQACAAAACgACAAEACgACAAIACgACAAMACgACAAQACgACAAUACgACAAYACgACAAcACgACAAgACgACAAkACgACAAoACgACAAsACgACAAwACgACAA0ACgACAA4ACgACAA8ACgAC/w8ACgACAAAACwACAAEACwACAAIACwACAAMACwACAAQACwACAAUACwACAAYACwACAAcACwACAAgACwACAAkACwACAAoACwACAAsACwACAAwACwACAA0ACwACAA4ACwACAA8ACwAC/w8ACwACAAAADAACAAEADAACAAIADAACAAMADAACAAQADAACAAUADAACAAYADAACAAcADAACAAgADAACAAkADAACAAoADAACAAsADAACAAwADAACAA0ADAACAA4ADAACAA8ADAAC/w8ADAACAAAADQACAAEADQACAAIADQACAAMADQACAAQADQACAAUADQACAAYADQACAAcADQACAAgADQACAAkADQACAAoADQACAAsADQACAAwADQACAA0ADQACAA4ADQACAA8ADQAC/w8ADQACAAAADgACAAEADgACAAIADgACAAMADgACAAQADgACAAUADgACAAYADgACAAcADgACAAgADgACAAkADgACAAoADgACAAsADgACAAwADgACAA0ADgACAA4ADgACAA8ADgAC/w8ADgACAAAADwACAAEADwACAAIADwACAAMADwACAAQADwACAAUADwACAAYADwACAAcADwACAAgADwACAAkADwACAAoADwACAAsADwACAAwADwACAA0ADwACAA4ADwACAA8ADwAC/w8ADwACAAD/DwACAAH/DwACAAL/DwACAAP/DwACAAT/DwACAAX/DwACAAb/DwACAAf/DwACAAj/DwACAAn/DwACAAr/DwACAAv/DwACAAz/DwACAA3/DwACAA7/DwACAA//DwAC/w//DwACAAAAAAADAAEAAAADAAIAAAADAAMAAAADAAQAAAADAAUAAAADAAYAAAADAAcAAAADAAgAAAADAAkAAAADAAoAAAADAAsAAAADAAwAAAADAA0AAAADAA4AAAADAA8AAAAD/w8AAAADAAAAAQADAAEAAQADAAIAAQADAAMAAQADAAQAAQADAAUAAQADAAYAAQADAAcAAQADAAgAAQADAAkAAQADAAoAAQADAAsAAQADAAwAAQADAA0AAQADAA4AAQADAA8AAQAD/w8AAQADAAAAAgADAAEAAgADAAIAAgADAAMAAgADAAQAAgADAAUAAgADAAYAAgADAAcAAgADAAgAAgADAAkAAgADAAoAAgADAAsAAgADAAwAAgADAA0AAgADAA4AAgADAA8AAgAD/w8AAgADAAAAAwADAAEAAwADAAIAAwADAAMAAwADAAQAAwADAAUAAwADAAYAAwADAAcAAwADAAgAAwADAAkAAwADAAoAAwADAAsAAwADAAwAAwADAA0AAwADAA4AAwADAA8AAwAD/w8AAwADAAAABAADAAEABAADAAIABAADAAMABAADAAQABAADAAUABAADAAYABAADAAcABAADAAgABAADAAkABAADAAoABAADAAsABAADAAwABAADAA0ABAADAA4ABAADAA8ABAAD/w8ABAADAAAABQADAAEABQADAAIABQADAAMABQADAAQABQADAAUABQADAAYABQADAAcABQADAAgABQADAAkABQADAAoABQADAAsABQADAAwABQADAA0ABQADAA4ABQADAA8ABQAD/w8ABQADAAAABgADAAEABgADAAIABgADAAMABgADAAQABgADAAUABgADAAYABgADAAcABgADAAgABgADAAkABgADAAoABgADAAsABgADAAwABgADAA0ABgADAA4ABgADAA8ABgAD/w8ABgADAAAABwADAAEABwADAAIABwADAAMABwADAAQABwADAAUABwADAAYABwADAAcABwADAAgABwADAAkABwADAAoABwADAAsABwADAAwABwADAA0ABwADAA4ABwADAA8ABwAD/w8ABwADAAAACAADAAEACAADAAIACAADAAMACAADAAQACAADAAUACAADAAYACAADAAcACAADAAgACAADAAkACAADAAoACAADAAsACAADAAwACAADAA0ACAADAA4ACAADAA8ACAAD/w8ACAADAAAACQADAAEACQADAAIACQADAAMACQADAAQACQADAAUACQADAAYACQADAAcACQADAAgACQADAAkACQADAAoACQADAAsACQADAAwACQADAA0ACQADAA4ACQADAA8ACQAD/w8ACQADAAAACgADAAEACgADAAIACgADAAMACgADAAQACgADAAUACgADAAYACgADAAcACgADAAgACgADAAkACgADAAoACgADAAsACgADAAwACgADAA0ACgADAA4ACgADAA8ACgAD/w8ACgADAAAACwADAAEACwADAAIACwADAAMACwADAAQACwADAAUACwADAAYACwADAAcACwADAAgACwADAAkACwADAAoACwADAAsACwADAAwACwADAA0ACwADAA4ACwADAA8ACwAD/w8ACwADAAAADAADAAEADAADAAIADAADAAMADAADAAQADAADAAUADAADAAYADAADAAcADAADAAgADAADAAkADAADAAoADAADAAsADAADAAwADAADAA0ADAADAA4ADAADAA8ADAAD/w8ADAADAAAADQADAAEADQADAAIADQADAAMADQADAAQADQADAAUADQADAAYADQADAAcADQADAAgADQADAAkADQADAAoADQADAAsADQADAAwADQADAA0ADQADAA4ADQADAA8ADQAD/w8ADQADAAAADgADAAEADgADAAIADgADAAMADgADAAQADgADAAUADgADAAYADgADAAcADgADAAgADgADAAkADgADAAoADgADAAsADgADAAwADgADAA0ADgADAA4ADgADAA8ADgAD/w8ADgADAAAADwADAAEADwADAAIADwADAAMADwADAAQADwADAAUADwADAAYADwADAAcADwADAAgADwADAAkADwADAAoADwADAAsADwADAAwADwADAA0ADwADAA4ADwADAA8ADwAD/w8ADwADAAD/DwADAAH/DwADAAL/DwADAAP/DwADAAT/DwADAAX/DwADAAb/DwADAAf/DwADAAj/DwADAAn/DwADAAr/DwADAAv/DwADAAz/DwADAA3/DwADAA7/DwADAA//DwAD/w//DwADAAAAAAAEAAEAAAAEAAIAAAAEAAMAAAAEAAQAAAAEAAUAAAAEAAYAAAAEAAcAAAAEAAgAAAAEAAkAAAAEAAoAAAAEAAsAAAAEAAwAAAAEAA0AAAAEAA4AAAAEAA8AAAAE/w8AAAAEAAAAAQAEAAEAAQAEAAIAAQAEAAMAAQAEAAQAAQAEAAUAAQAEAAYAAQAEAAcAAQAEAAgAAQAEAAkAAQAEAAoAAQAEAAsAAQAEAAwAAQAEAA0AAQAEAA4AAQAEAA8AAQAE/w8AAQAEAAAAAgAEAAEAAgAEAAIAAgAEAAMAAgAEAAQAAgAEAAUAAgAEAAYAAgAEAAcAAgAEAAgAAgAEAAkAAgAEAAoAAgAEAAsAAgAEAAwAAgAEAA0AAgAEAA4AAgAEAA8AAgAE/w8AAgAEAAAAAwAEAAEAAwAEAAIAAwAEAAMAAwAEAAQAAwAEAAUAAwAEAAYAAwAEAAcAAwAEAAgAAwAEAAkAAwAEAAoAAwAEAAsAAwAEAAwAAwAEAA0AAwAEAA4AAwAEAA8AAwAE/w8AAwAEAAAABAAEAAEABAAEAAIABAAEAAMABAAEAAQABAAEAAUABAAEAAYABAAEAAcABAAEAAgABAAEAAkABAAEAAoABAAEAAsABAAEAAwABAAEAA0ABAAEAA4ABAAEAA8ABAAE/w8ABAAEAAAABQAEAAEABQAEAAIABQAEAAMABQAEAAQABQAEAAUABQAEAAYABQAEAAcABQAEAAgABQAEAAkABQAEAAoABQAEAAsABQAEAAwABQAEAA0ABQAEAA4ABQAEAA8ABQAE/w8ABQAEAAAABgAEAAEABgAEAAIABgAEAAMABgAEAAQABgAEAAUABgAEAAYABgAEAAcABgAEAAgABgAEAAkABgAEAAoABgAEAAsABgAEAAwABgAEAA0ABgAEAA4ABgAEAA8ABgAE/w8ABgAEAAAABwAEAAEABwAEAAIABwAEAAMABwAEAAQABwAEAAUABwAEAAYABwAEAAcABwAEAAgABwAEAAkABwAEAAoABwAEAAsABwAEAAwABwAEAA0ABwAEAA4ABwAEAA8ABwAE/w8ABwAEAAAACAAEAAEACAAEAAIACAAEAAMACAAEAAQACAAEAAUACAAEAAYACAAEAAcACAAEAAgACAAEAAkACAAEAAoACAAEAAsACAAEAAwACAAEAA0ACAAEAA4ACAAEAA8ACAAE/w8ACAAEAAAACQAEAAEACQAEAAIACQAEAAMACQAEAAQACQAEAAUACQAEAAYACQAEAAcACQAEAAgACQAEAAkACQAEAAoACQAEAAsACQAEAAwACQAEAA0ACQAEAA4ACQAEAA8ACQAE/w8ACQAEAAAACgAEAAEACgAEAAIACgAEAAMACgAEAAQACgAEAAUACgAEAAYACgAEAAcACgAEAAgACgAEAAkACgAEAAoACgAEAAsACgAEAAwACgAEAA0ACgAEAA4ACgAEAA8ACgAE/w8ACgAEAAAACwAEAAEACwAEAAIACwAEAAMACwAEAAQACwAEAAUACwAEAAYACwAEAAcACwAEAAgACwAEAAkACwAEAAoACwAEAAsACwAEAAwACwAEAA0ACwAEAA4ACwAEAA8ACwAE/w8ACwAEAAAADAAEAAEADAAEAAIADAAEAAMADAAEAAQADAAEAAUADAAEAAYADAAEAAcADAAEAAgADAAEAAkADAAEAAoADAAEAAsADAAEAAwADAAEAA0ADAAEAA4ADAAEAA8ADAAE/w8ADAAEAAAADQAEAAEADQAEAAIADQAEAAMADQAEAAQADQAEAAUADQAEAAYADQAEAAcADQAEAAgADQAEAAkADQAEAAoADQAEAAsADQAEAAwADQAEAA0ADQAEAA4ADQAEAA8ADQAE/w8ADQAEAAAADgAEAAEADgAEAAIADgAEAAMADgAEAAQADgAEAAUADgAEAAYADgAEAAcADgAEAAgADgAEAAkADgAEAAoADgAEAAsADgAEAAwADgAEAA0ADgAEAA4ADgAEAA8ADgAE/w8ADgAEAAAADwAEAAEADwAEAAIADwAEAAMADwAEAAQADwAEAAUADwAEAAYADwAEAAcADwAEAAgADwAEAAkADwAEAAoADwAEAAsADwAEAAwADwAEAA0ADwAEAA4ADwAEAA8ADwAE/w8ADwAEAAD/DwAEAAH/DwAEAAL/DwAEAAP/DwAEAAT/DwAEAAX/DwAEAAb/DwAEAAf/DwAEAAj/DwAEAAn/DwAEAAr/DwAEAAv/DwAEAAz/DwAEAA3/DwAEAA7/DwAEAA//DwAE/w//DwAEAAAAAAAFAAEAAAAFAAIAAAAFAAMAAAAFAAQAAAAFAAUAAAAFAAYAAAAFAAcAAAAFAAgAAAAFAAkAAAAFAAoAAAAFAAsAAAAFAAwAAAAFAA0AAAAFAA4AAAAFAA8AAAAF/w8AAAAFAAAAAQAFAAEAAQAFAAIAAQAFAAMAAQAFAAQAAQAFAAUAAQAFAAYAAQAFAAcAAQAFAAgAAQAFAAkAAQAFAAoAAQAFAAsAAQAFAAwAAQAFAA0AAQAFAA4AAQAFAA8AAQAF/w8AAQAFAAAAAgAFAAEAAgAFAAIAAgAFAAMAAgAFAAQAAgAFAAUAAgAFAAYAAgAFAAcAAgAFAAgAAgAFAAkAAgAFAAoAAgAFAAsAAgAFAAwAAgAFAA0AAgAFAA4AAgAFAA8AAgAF/w8AAgAFAAAAAwAFAAEAAwAFAAIAAwAFAAMAAwAFAAQAAwAFAAUAAwAFAAYAAwAFAAcAAwAFAAgAAwAFAAkAAwAFAAoAAwAFAAsAAwAFAAwAAwAFAA0AAwAFAA4AAwAFAA8AAwAF/w8AAwAFAAAABAAFAAEABAAFAAIABAAFAAMABAAFAAQABAAFAAUABAAFAAYABAAFAAcABAAFAAgABAAFAAkABAAFAAoABAAFAAsABAAFAAwABAAFAA0ABAAFAA4ABAAFAA8ABAAF/w8ABAAFAAAABQAFAAEABQAFAAIABQAFAAMABQAFAAQABQAFAAUABQAFAAYABQAFAAcABQAFAAgABQAFAAkABQAFAAoABQAFAAsABQAFAAwABQAFAA0ABQAFAA4ABQAFAA8ABQAF/w8ABQAFAAAABgAFAAEABgAFAAIABgAFAAMABgAFAAQABgAFAAUABgAFAAYABgAFAAcABgAFAAgABgAFAAkABgAFAAoABgAFAAsABgAFAAwABgAFAA0ABgAFAA4ABgAFAA8ABgAF/w8ABgAFAAAABwAFAAEABwAFAAIABwAFAAMABwAFAAQABwAFAAUABwAFAAYABwAFAAcABwAFAAgABwAFAAkABwAFAAoABwAFAAsABwAFAAwABwAFAA0ABwAFAA4ABwAFAA8ABwAF/w8ABwAFAAAACAAFAAEACAAFAAIACAAFAAMACAAFAAQACAAFAAUACAAFAAYACAAFAAcACAAFAAgACAAFAAkACAAFAAoACAAFAAsACAAFAAwACAAFAA0ACAAFAA4ACAAFAA8ACAAF/w8ACAAFAAAACQAFAAEACQAFAAIACQAFAAMACQAFAAQACQAFAAUACQAFAAYACQAFAAcACQAFAAgACQAFAAkACQAFAAoACQAFAAsACQAFAAwACQAFAA0ACQAFAA4ACQAFAA8ACQAF/w8ACQAFAAAACgAFAAEACgAFAAIACgAFAAMACgAFAAQACgAFAAUACgAFAAYACgAFAAcACgAFAAgACgAFAAkACgAFAAoACgAFAAsACgAFAAwACgAFAA0ACgAFAA4ACgAFAA8ACgAF/w8ACgAFAAAACwAFAAEACwAFAAIACwAFAAMACwAFAAQACwAFAAUACwAFAAYACwAFAAcACwAFAAgACwAFAAkACwAFAAoACwAFAAsACwAFAAwACwAFAA0ACwAFAA4ACwAFAA8ACwAF/w8ACwAFAAAADAAFAAEADAAFAAIADAAFAAMADAAFAAQADAAFAAUADAAFAAYADAAFAAcADAAFAAgADAAFAAkADAAFAAoADAAFAAsADAAFAAwADAAFAA0ADAAFAA4ADAAFAA8ADAAF/w8ADAAFAAAADQAFAAEADQAFAAIADQAFAAMADQAFAAQADQAFAAUADQAFAAYADQAFAAcADQAFAAgADQAFAAkADQAFAAoADQAFAAsADQAFAAwADQAFAA0ADQAFAA4ADQAFAA8ADQAF/w8ADQAFAAAADgAFAAEADgAFAAIADgAFAAMADgAFAAQADgAFAAUADgAFAAYADgAFAAcADgAFAAgADgAFAAkADgAFAAoADgAFAAsADgAFAAwADgAFAA0ADgAFAA4ADgAFAA8ADgAF/w8ADgAFAAAADwAFAAEADwAFAAIADwAFAAMADwAFAAQADwAFAAUADwAFAAYADwAFAAcADwAFAAgADwAFAAkADwAFAAoADwAFAAsADwAFAAwADwAFAA0ADwAFAA4ADwAFAA8ADwAF/w8ADwAFAAD/DwAFAAH/DwAFAAL/DwAFAAP/DwAFAAT/DwAFAAX/DwAFAAb/DwAFAAf/DwAFAAj/DwAFAAn/DwAFAAr/DwAFAAv/DwAFAAz/DwAFAA3/DwAFAA7/DwAFAA//DwAF/w//DwAFAAAAAAAGAAEAAAAGAAIAAAAGAAMAAAAGAAQAAAAGAAUAAAAGAAYAAAAGAAcAAAAGAAgAAAAGAAkAAAAGAAoAAAAGAAsAAAAGAAwAAAAGAA0AAAAGAA4AAAAGAA8AAAAG/w8AAAAGAAAAAQAGAAEAAQAGAAIAAQAGAAMAAQAGAAQAAQAGAAUAAQAGAAYAAQAGAAcAAQAGAAgAAQAGAAkAAQAGAAoAAQAGAAsAAQAGAAwAAQAGAA0AAQAGAA4AAQAGAA8AAQAG/w8AAQAGAAAAAgAGAAEAAgAGAAIAAgAGAAMAAgAGAAQAAgAGAAUAAgAGAAYAAgAGAAcAAgAGAAgAAgAGAAkAAgAGAAoAAgAGAAsAAgAGAAwAAgAGAA0AAgAGAA4AAgAGAA8AAgAG/w8AAgAGAAAAAwAGAAEAAwAGAAIAAwAGAAMAAwAGAAQAAwAGAAUAAwAGAAYAAwAGAAcAAwAGAAgAAwAGAAkAAwAGAAoAAwAGAAsAAwAGAAwAAwAGAA0AAwAGAA4AAwAGAA8AAwAG/w8AAwAGAAAABAAGAAEABAAGAAIABAAGAAMABAAGAAQABAAGAAUABAAGAAYABAAGAAcABAAGAAgABAAGAAkABAAGAAoABAAGAAsABAAGAAwABAAGAA0ABAAGAA4ABAAGAA8ABAAG/w8ABAAGAAAABQAGAAEABQAGAAIABQAGAAMABQAGAAQABQAGAAUABQAGAAYABQAGAAcABQAGAAgABQAGAAkABQAGAAoABQAGAAsABQAGAAwABQAGAA0ABQAGAA4ABQAGAA8ABQAG/w8ABQAGAAAABgAGAAEABgAGAAIABgAGAAMABgAGAAQABgAGAAUABgAGAAYABgAGAAcABgAGAAgABgAGAAkABgAGAAoABgAGAAsABgAGAAwABgAGAA0ABgAGAA4ABgAGAA8ABgAG/w8ABgAGAAAABwAGAAEABwAGAAIABwAGAAMABwAGAAQABwAGAAUABwAGAAYABwAGAAcABwAGAAgABwAGAAkABwAGAAoABwAGAAsABwAGAAwABwAGAA0ABwAGAA4ABwAGAA8ABwAG/w8ABwAGAAAACAAGAAEACAAGAAIACAAGAAMACAAGAAQACAAGAAUACAAGAAYACAAGAAcACAAGAAgACAAGAAkACAAGAAoACAAGAAsACAAGAAwACAAGAA0ACAAGAA4ACAAGAA8ACAAG/w8ACAAGAAAACQAGAAEACQAGAAIACQAGAAMACQAGAAQACQAGAAUACQAGAAYACQAGAAcACQAGAAgACQAGAAkACQAGAAoACQAGAAsACQAGAAwACQAGAA0ACQAGAA4ACQAGAA8ACQAG/w8ACQAGAAAACgAGAAEACgAGAAIACgAGAAMACgAGAAQACgAGAAUACgAGAAYACgAGAAcACgAGAAgACgAGAAkACgAGAAoACgAGAAsACgAGAAwACgAGAA0ACgAGAA4ACgAGAA8ACgAG/w8ACgAGAAAACwAGAAEACwAGAAIACwAGAAMACwAGAAQACwAGAAUACwAGAAYACwAGAAcACwAGAAgACwAGAAkACwAGAAoACwAGAAsACwAGAAwACwAGAA0ACwAGAA4ACwAGAA8ACwAG/w8ACwAGAAAADAAGAAEADAAGAAIADAAGAAMADAAGAAQADAAGAAUADAAGAAYADAAGAAcADAAGAAgADAAGAAkADAAGAAoADAAGAAsADAAGAAwADAAGAA0ADAAGAA4ADAAGAA8ADAAG/w8ADAAGAAAADQAGAAEADQAGAAIADQAGAAMADQAGAAQADQAGAAUADQAGAAYADQAGAAcADQAGAAgADQAGAAkADQAGAAoADQAGAAsADQAGAAwADQAGAA0ADQAGAA4ADQAGAA8ADQAG/w8ADQAGAAAADgAGAAEADgAGAAIADgAGAAMADgAGAAQADgAGAAUADgAGAAYADgAGAAcADgAGAAgADgAGAAkADgAGAAoADgAGAAsADgAGAAwADgAGAA0ADgAGAA4ADgAGAA8ADgAG/w8ADgAGAAAADwAGAAEADwAGAAIADwAGAAMADwAGAAQADwAGAAUADwAGAAYADwAGAAcADwAGAAgADwAGAAkADwAGAAoADwAGAAsADwAGAAwADwAGAA0ADwAGAA4ADwAGAA8ADwAG/w8ADwAGAAD/DwAGAAH/DwAGAAL/DwAGAAP/DwAGAAT/DwAGAAX/DwAGAAb/DwAGAAf/DwAGAAj/DwAGAAn/DwAGAAr/DwAGAAv/DwAGAAz/DwAGAA3/DwAGAA7/DwAGAA//DwAG/w//DwAGAAAAAAAHAAEAAAAHAAIAAAAHAAMAAAAHAAQAAAAHAAUAAAAHAAYAAAAHAAcAAAAHAAgAAAAHAAkAAAAHAAoAAAAHAAsAAAAHAAwAAAAHAA0AAAAHAA4AAAAHAA8AAAAH/w8AAAAHAAAAAQAHAAEAAQAHAAIAAQAHAAMAAQAHAAQAAQAHAAUAAQAHAAYAAQAHAAcAAQAHAAgAAQAHAAkAAQAHAAoAAQAHAAsAAQAHAAwAAQAHAA0AAQAHAA4AAQAHAA8AAQAH/w8AAQAHAAAAAgAHAAEAAgAHAAIAAgAHAAMAAgAHAAQAAgAHAAUAAgAHAAYAAgAHAAcAAgAHAAgAAgAHAAkAAgAHAAoAAgAHAAsAAgAHAAwAAgAHAA0AAgAHAA4AAgAHAA8AAgAH/w8AAgAHAAAAAwAHAAEAAwAHAAIAAwAHAAMAAwAHAAQAAwAHAAUAAwAHAAYAAwAHAAcAAwAHAAgAAwAHAAkAAwAHAAoAAwAHAAsAAwAHAAwAAwAHAA0AAwAHAA4AAwAHAA8AAwAH/w8AAwAHAAAABAAHAAEABAAHAAIABAAHAAMABAAHAAQABAAHAAUABAAHAAYABAAHAAcABAAHAAgABAAHAAkABAAHAAoABAAHAAsABAAHAAwABAAHAA0ABAAHAA4ABAAHAA8ABAAH/w8ABAAHAAAABQAHAAEABQAHAAIABQAHAAMABQAHAAQABQAHAAUABQAHAAYABQAHAAcABQAHAAgABQAHAAkABQAHAAoABQAHAAsABQAHAAwABQAHAA0ABQAHAA4ABQAHAA8ABQAH/w8ABQAHAAAABgAHAAEABgAHAAIABgAHAAMABgAHAAQABgAHAAUABgAHAAYABgAHAAcABgAHAAgABgAHAAkABgAHAAoABgAHAAsABgAHAAwABgAHAA0ABgAHAA4ABgAHAA8ABgAH/w8ABgAHAAAABwAHAAEABwAHAAIABwAHAAMABwAHAAQABwAHAAUABwAHAAYABwAHAAcABwAHAAgABwAHAAkABwAHAAoABwAHAAsABwAHAAwABwAHAA0ABwAHAA4ABwAHAA8ABwAH/w8ABwAHAAAACAAHAAEACAAHAAIACAAHAAMACAAHAAQACAAHAAUACAAHAAYACAAHAAcACAAHAAgACAAHAAkACAAHAAoACAAHAAsACAAHAAwACAAHAA0ACAAHAA4ACAAHAA8ACAAH/w8ACAAHAAAACQAHAAEACQAHAAIACQAHAAMACQAHAAQACQAHAAUACQAHAAYACQAHAAcACQAHAAgACQAHAAkACQAHAAoACQAHAAsACQAHAAwACQAHAA0ACQAHAA4ACQAHAA8ACQAH/w8ACQAHAAAACgAHAAEACgAHAAIACgAHAAMACgAHAAQACgAHAAUACgAHAAYACgAHAAcACgAHAAgACgAHAAkACgAHAAoACgAHAAsACgAHAAwACgAHAA0ACgAHAA4ACgAHAA8ACgAH/w8ACgAHAAAACwAHAAEACwAHAAIACwAHAAMACwAHAAQACwAHAAUACwAHAAYACwAHAAcACwAHAAgACwAHAAkACwAHAAoACwAHAAsACwAHAAwACwAHAA0ACwAHAA4ACwAHAA8ACwAH/w8ACwAHAAAADAAHAAEADAAHAAIADAAHAAMADAAHAAQADAAHAAUADAAHAAYADAAHAAcADAAHAAgADAAHAAkADAAHAAoADAAHAAsADAAHAAwADAAHAA0ADAAHAA4ADAAHAA8ADAAH/w8ADAAHAAAADQAHAAEADQAHAAIADQAHAAMADQAHAAQADQAHAAUADQAHAAYADQAHAAcADQAHAAgADQAHAAkADQAHAAoADQAHAAsADQAHAAwADQAHAA0ADQAHAA4ADQAHAA8ADQAH/w8ADQAHAAAADgAHAAEADgAHAAIADgAHAAMADgAHAAQADgAHAAUADgAHAAYADgAHAAcADgAHAAgADgAHAAkADgAHAAoADgAHAAsADgAHAAwADgAHAA0ADgAHAA4ADgAHAA8ADgAH/w8ADgAHAAAADwAHAAEADwAHAAIADwAHAAMADwAHAAQADwAHAAUADwAHAAYADwAHAAcADwAHAAgADwAHAAkADwAHAAoADwAHAAsADwAHAAwADwAHAA0ADwAHAA4ADwAHAA8ADwAH/w8ADwAHAAD/DwAHAAH/DwAHAAL/DwAHAAP/DwAHAAT/DwAHAAX/DwAHAAb/DwAHAAf/DwAHAAj/DwAHAAn/DwAHAAr/DwAHAAv/DwAHAAz/DwAHAA3/DwAHAA7/DwAHAA//DwAH/w//DwAHAAAAAAAIAAEAAAAIAAIAAAAIAAMAAAAIAAQAAAAIAAUAAAAIAAYAAAAIAAcAAAAIAAgAAAAIAAkAAAAIAAoAAAAIAAsAAAAIAAwAAAAIAA0AAAAIAA4AAAAIAA8AAAAI/w8AAAAIAAAAAQAIAAEAAQAIAAIAAQAIAAMAAQAIAAQAAQAIAAUAAQAIAAYAAQAIAAcAAQAIAAgAAQAIAAkAAQAIAAoAAQAIAAsAAQAIAAwAAQAIAA0AAQAIAA4AAQAIAA8AAQAI/w8AAQAIAAAAAgAIAAEAAgAIAAIAAgAIAAMAAgAIAAQAAgAIAAUAAgAIAAYAAgAIAAcAAgAIAAgAAgAIAAkAAgAIAAoAAgAIAAsAAgAIAAwAAgAIAA0AAgAIAA4AAgAIAA8AAgAI/w8AAgAIAAAAAwAIAAEAAwAIAAIAAwAIAAMAAwAIAAQAAwAIAAUAAwAIAAYAAwAIAAcAAwAIAAgAAwAIAAkAAwAIAAoAAwAIAAsAAwAIAAwAAwAIAA0AAwAIAA4AAwAIAA8AAwAI/w8AAwAIAAAABAAIAAEABAAIAAIABAAIAAMABAAIAAQABAAIAAUABAAIAAYABAAIAAcABAAIAAgABAAIAAkABAAIAAoABAAIAAsABAAIAAwABAAIAA0ABAAIAA4ABAAIAA8ABAAI/w8ABAAIAAAABQAIAAEABQAIAAIABQAIAAMABQAIAAQABQAIAAUABQAIAAYABQAIAAcABQAIAAgABQAIAAkABQAIAAoABQAIAAsABQAIAAwABQAIAA0ABQAIAA4ABQAIAA8ABQAI/w8ABQAIAAAABgAIAAEABgAIAAIABgAIAAMABgAIAAQABgAIAAUABgAIAAYABgAIAAcABgAIAAgABgAIAAkABgAIAAoABgAIAAsABgAIAAwABgAIAA0ABgAIAA4ABgAIAA8ABgAI/w8ABgAIAAAABwAIAAEABwAIAAIABwAIAAMABwAIAAQABwAIAAUABwAIAAYABwAIAAcABwAIAAgABwAIAAkABwAIAAoABwAIAAsABwAIAAwABwAIAA0ABwAIAA4ABwAIAA8ABwAI/w8ABwAIAAAACAAIAAEACAAIAAIACAAIAAMACAAIAAQACAAIAAUACAAIAAYACAAIAAcACAAIAAgACAAIAAkACAAIAAoACAAIAAsACAAIAAwACAAIAA0ACAAIAA4ACAAIAA8ACAAI/w8ACAAIAAAACQAIAAEACQAIAAIACQAIAAMACQAIAAQACQAIAAUACQAIAAYACQAIAAcACQAIAAgACQAIAAkACQAIAAoACQAIAAsACQAIAAwACQAIAA0ACQAIAA4ACQAIAA8ACQAI/w8ACQAIAAAACgAIAAEACgAIAAIACgAIAAMACgAIAAQACgAIAAUACgAIAAYACgAIAAcACgAIAAgACgAIAAkACgAIAAoACgAIAAsACgAIAAwACgAIAA0ACgAIAA4ACgAIAA8ACgAI/w8ACgAIAAAACwAIAAEACwAIAAIACwAIAAMACwAIAAQACwAIAAUACwAIAAYACwAIAAcACwAIAAgACwAIAAkACwAIAAoACwAIAAsACwAIAAwACwAIAA0ACwAIAA4ACwAIAA8ACwAI/w8ACwAIAAAADAAIAAEADAAIAAIADAAIAAMADAAIAAQADAAIAAUADAAIAAYADAAIAAcADAAIAAgADAAIAAkADAAIAAoADAAIAAsADAAIAAwADAAIAA0ADAAIAA4ADAAIAA8ADAAI/w8ADAAIAAAADQAIAAEADQAIAAIADQAIAAMADQAIAAQADQAIAAUADQAIAAYADQAIAAcADQAIAAgADQAIAAkADQAIAAoADQAIAAsADQAIAAwADQAIAA0ADQAIAA4ADQAIAA8ADQAI/w8ADQAIAAAADgAIAAEADgAIAAIADgAIAAMADgAIAAQADgAIAAUADgAIAAYADgAIAAcADgAIAAgADgAIAAkADgAIAAoADgAIAAsADgAIAAwADgAIAA0ADgAIAA4ADgAIAA8ADgAI/w8ADgAIAAAADwAIAAEADwAIAAIADwAIAAMADwAIAAQADwAIAAUADwAIAAYADwAIAAcADwAIAAgADwAIAAkADwAIAAoADwAIAAsADwAIAAwADwAIAA0ADwAIAA4ADwAIAA8ADwAI/w8ADwAIAAD/DwAIAAH/DwAIAAL/DwAIAAP/DwAIAAT/DwAIAAX/DwAIAAb/DwAIAAf/DwAIAAj/DwAIAAn/DwAIAAr/DwAIAAv/DwAIAAz/DwAIAA3/DwAIAA7/DwAIAA//DwAI/w//DwAIAAAAAAAJAAEAAAAJAAIAAAAJAAMAAAAJAAQAAAAJAAUAAAAJAAYAAAAJAAcAAAAJAAgAAAAJAAkAAAAJAAoAAAAJAAsAAAAJAAwAAAAJAA0AAAAJAA4AAAAJAA8AAAAJ/w8AAAAJAAAAAQAJAAEAAQAJAAIAAQAJAAMAAQAJAAQAAQAJAAUAAQAJAAYAAQAJAAcAAQAJAAgAAQAJAAkAAQAJAAoAAQAJAAsAAQAJAAwAAQAJAA0AAQAJAA4AAQAJAA8AAQAJ/w8AAQAJAAAAAgAJAAEAAgAJAAIAAgAJAAMAAgAJAAQAAgAJAAUAAgAJAAYAAgAJAAcAAgAJAAgAAgAJAAkAAgAJAAoAAgAJAAsAAgAJAAwAAgAJAA0AAgAJAA4AAgAJAA8AAgAJ/w8AAgAJAAAAAwAJAAEAAwAJAAIAAwAJAAMAAwAJAAQAAwAJAAUAAwAJAAYAAwAJAAcAAwAJAAgAAwAJAAkAAwAJAAoAAwAJAAsAAwAJAAwAAwAJAA0AAwAJAA4AAwAJAA8AAwAJ/w8AAwAJAAAABAAJAAEABAAJAAIABAAJAAMABAAJAAQABAAJAAUABAAJAAYABAAJAAcABAAJAAgABAAJAAkABAAJAAoABAAJAAsABAAJAAwABAAJAA0ABAAJAA4ABAAJAA8ABAAJ/w8ABAAJAAAABQAJAAEABQAJAAIABQAJAAMABQAJAAQABQAJAAUABQAJAAYABQAJAAcABQAJAAgABQAJAAkABQAJAAoABQAJAAsABQAJAAwABQAJAA0ABQAJAA4ABQAJAA8ABQAJ/w8ABQAJAAAABgAJAAEABgAJAAIABgAJAAMABgAJAAQABgAJAAUABgAJAAYABgAJAAcABgAJAAgABgAJAAkABgAJAAoABgAJAAsABgAJAAwABgAJAA0ABgAJAA4ABgAJAA8ABgAJ/w8ABgAJAAAABwAJAAEABwAJAAIABwAJAAMABwAJAAQABwAJAAUABwAJAAYABwAJAAcABwAJAAgABwAJAAkABwAJAAoABwAJAAsABwAJAAwABwAJAA0ABwAJAA4ABwAJAA8ABwAJ/w8ABwAJAAAACAAJAAEACAAJAAIACAAJAAMACAAJAAQACAAJAAUACAAJAAYACAAJAAcACAAJAAgACAAJAAkACAAJAAoACAAJAAsACAAJAAwACAAJAA0ACAAJAA4ACAAJAA8ACAAJ/w8ACAAJAAAACQAJAAEACQAJAAIACQAJAAMACQAJAAQACQAJAAUACQAJAAYACQAJAAcACQAJAAgACQAJAAkACQAJAAoACQAJAAsACQAJAAwACQAJAA0ACQAJAA4ACQAJAA8ACQAJ/w8ACQAJAAAACgAJAAEACgAJAAIACgAJAAMACgAJAAQACgAJAAUACgAJAAYACgAJAAcACgAJAAgACgAJAAkACgAJAAoACgAJAAsACgAJAAwACgAJAA0ACgAJAA4ACgAJAA8ACgAJ/w8ACgAJAAAACwAJAAEACwAJAAIACwAJAAMACwAJAAQACwAJAAUACwAJAAYACwAJAAcACwAJAAgACwAJAAkACwAJAAoACwAJAAsACwAJAAwACwAJAA0ACwAJAA4ACwAJAA8ACwAJ/w8ACwAJAAAADAAJAAEADAAJAAIADAAJAAMADAAJAAQADAAJAAUADAAJAAYADAAJAAcADAAJAAgADAAJAAkADAAJAAoADAAJAAsADAAJAAwADAAJAA0ADAAJAA4ADAAJAA8ADAAJ/w8ADAAJAAAADQAJAAEADQAJAAIADQAJAAMADQAJAAQADQAJAAUADQAJAAYADQAJAAcADQAJAAgADQAJAAkADQAJAAoADQAJAAsADQAJAAwADQAJAA0ADQAJAA4ADQAJAA8ADQAJ/w8ADQAJAAAADgAJAAEADgAJAAIADgAJAAMADgAJAAQADgAJAAUADgAJAAYADgAJAAcADgAJAAgADgAJAAkADgAJAAoADgAJAAsADgAJAAwADgAJAA0ADgAJAA4ADgAJAA8ADgAJ/w8ADgAJAAAADwAJAAEADwAJAAIADwAJAAMADwAJAAQADwAJAAUADwAJAAYADwAJAAcADwAJAAgADwAJAAkADwAJAAoADwAJAAsADwAJAAwADwAJAA0ADwAJAA4ADwAJAA8ADwAJ/w8ADwAJAAD/DwAJAAH/DwAJAAL/DwAJAAP/DwAJAAT/DwAJAAX/DwAJAAb/DwAJAAf/DwAJAAj/DwAJAAn/DwAJAAr/DwAJAAv/DwAJAAz/DwAJAA3/DwAJAA7/DwAJAA//DwAJ/w//DwAJAAAAAAAKAAEAAAAKAAIAAAAKAAMAAAAKAAQAAAAKAAUAAAAKAAYAAAAKAAcAAAAKAAgAAAAKAAkAAAAKAAoAAAAKAAsAAAAKAAwAAAAKAA0AAAAKAA4AAAAKAA8AAAAK/w8AAAAKAAAAAQAKAAEAAQAKAAIAAQAKAAMAAQAKAAQAAQAKAAUAAQAKAAYAAQAKAAcAAQAKAAgAAQAKAAkAAQAKAAoAAQAKAAsAAQAKAAwAAQAKAA0AAQAKAA4AAQAKAA8AAQAK/w8AAQAKAAAAAgAKAAEAAgAKAAIAAgAKAAMAAgAKAAQAAgAKAAUAAgAKAAYAAgAKAAcAAgAKAAgAAgAKAAkAAgAKAAoAAgAKAAsAAgAKAAwAAgAKAA0AAgAKAA4AAgAKAA8AAgAK/w8AAgAKAAAAAwAKAAEAAwAKAAIAAwAKAAMAAwAKAAQAAwAKAAUAAwAKAAYAAwAKAAcAAwAKAAgAAwAKAAkAAwAKAAoAAwAKAAsAAwAKAAwAAwAKAA0AAwAKAA4AAwAKAA8AAwAK/w8AAwAKAAAABAAKAAEABAAKAAIABAAKAAMABAAKAAQABAAKAAUABAAKAAYABAAKAAcABAAKAAgABAAKAAkABAAKAAoABAAKAAsABAAKAAwABAAKAA0ABAAKAA4ABAAKAA8ABAAK/w8ABAAKAAAABQAKAAEABQAKAAIABQAKAAMABQAKAAQABQAKAAUABQAKAAYABQAKAAcABQAKAAgABQAKAAkABQAKAAoABQAKAAsABQAKAAwABQAKAA0ABQAKAA4ABQAKAA8ABQAK/w8ABQAKAAAABgAKAAEABgAKAAIABgAKAAMABgAKAAQABgAKAAUABgAKAAYABgAKAAcABgAKAAgABgAKAAkABgAKAAoABgAKAAsABgAKAAwABgAKAA0ABgAKAA4ABgAKAA8ABgAK/w8ABgAKAAAABwAKAAEABwAKAAIABwAKAAMABwAKAAQABwAKAAUABwAKAAYABwAKAAcABwAKAAgABwAKAAkABwAKAAoABwAKAAsABwAKAAwABwAKAA0ABwAKAA4ABwAKAA8ABwAK/w8ABwAKAAAACAAKAAEACAAKAAIACAAKAAMACAAKAAQACAAKAAUACAAKAAYACAAKAAcACAAKAAgACAAKAAkACAAKAAoACAAKAAsACAAKAAwACAAKAA0ACAAKAA4ACAAKAA8ACAAK/w8ACAAKAAAACQAKAAEACQAKAAIACQAKAAMACQAKAAQACQAKAAUACQAKAAYACQAKAAcACQAKAAgACQAKAAkACQAKAAoACQAKAAsACQAKAAwACQAKAA0ACQAKAA4ACQAKAA8ACQAK/w8ACQAKAAAACgAKAAEACgAKAAIACgAKAAMACgAKAAQACgAKAAUACgAKAAYACgAKAAcACgAKAAgACgAKAAkACgAKAAoACgAKAAsACgAKAAwACgAKAA0ACgAKAA4ACgAKAA8ACgAK/w8ACgAKAAAACwAKAAEACwAKAAIACwAKAAMACwAKAAQACwAKAAUACwAKAAYACwAKAAcACwAKAAgACwAKAAkACwAKAAoACwAKAAsACwAKAAwACwAKAA0ACwAKAA4ACwAKAA8ACwAK/w8ACwAKAAAADAAKAAEADAAKAAIADAAKAAMADAAKAAQADAAKAAUADAAKAAYADAAKAAcADAAKAAgADAAKAAkADAAKAAoADAAKAAsADAAKAAwADAAKAA0ADAAKAA4ADAAKAA8ADAAK/w8ADAAKAAAADQAKAAEADQAKAAIADQAKAAMADQAKAAQADQAKAAUADQAKAAYADQAKAAcADQAKAAgADQAKAAkADQAKAAoADQAKAAsADQAKAAwADQAKAA0ADQAKAA4ADQAKAA8ADQAK/w8ADQAKAAAADgAKAAEADgAKAAIADgAKAAMADgAKAAQADgAKAAUADgAKAAYADgAKAAcADgAKAAgADgAKAAkADgAKAAoADgAKAAsADgAKAAwADgAKAA0ADgAKAA4ADgAKAA8ADgAK/w8ADgAKAAAADwAKAAEADwAKAAIADwAKAAMADwAKAAQADwAKAAUADwAKAAYADwAKAAcADwAKAAgADwAKAAkADwAKAAoADwAKAAsADwAKAAwADwAKAA0ADwAKAA4ADwAKAA8ADwAK/w8ADwAKAAD/DwAKAAH/DwAKAAL/DwAKAAP/DwAKAAT/DwAKAAX/DwAKAAb/DwAKAAf/DwAKAAj/DwAKAAn/DwAKAAr/DwAKAAv/DwAKAAz/DwAKAA3/DwAKAA7/DwAKAA//DwAK/w//DwAKAAAAAAALAAEAAAALAAIAAAALAAMAAAALAAQAAAALAAUAAAALAAYAAAALAAcAAAALAAgAAAALAAkAAAALAAoAAAALAAsAAAALAAwAAAALAA0AAAALAA4AAAALAA8AAAAL/w8AAAALAAAAAQALAAEAAQALAAIAAQALAAMAAQALAAQAAQALAAUAAQALAAYAAQALAAcAAQALAAgAAQALAAkAAQALAAoAAQALAAsAAQALAAwAAQALAA0AAQALAA4AAQALAA8AAQAL/w8AAQALAAAAAgALAAEAAgALAAIAAgALAAMAAgALAAQAAgALAAUAAgALAAYAAgALAAcAAgALAAgAAgALAAkAAgALAAoAAgALAAsAAgALAAwAAgALAA0AAgALAA4AAgALAA8AAgAL/w8AAgALAAAAAwALAAEAAwALAAIAAwALAAMAAwALAAQAAwALAAUAAwALAAYAAwALAAcAAwALAAgAAwALAAkAAwALAAoAAwALAAsAAwALAAwAAwALAA0AAwALAA4AAwALAA8AAwAL/w8AAwALAAAABAALAAEABAALAAIABAALAAMABAALAAQABAALAAUABAALAAYABAALAAcABAALAAgABAALAAkABAALAAoABAALAAsABAALAAwABAALAA0ABAALAA4ABAALAA8ABAAL/w8ABAALAAAABQALAAEABQALAAIABQALAAMABQALAAQABQALAAUABQALAAYABQALAAcABQALAAgABQALAAkABQALAAoABQALAAsABQALAAwABQALAA0ABQALAA4ABQALAA8ABQAL/w8ABQALAAAABgALAAEABgALAAIABgALAAMABgALAAQABgALAAUABgALAAYABgALAAcABgALAAgABgALAAkABgALAAoABgALAAsABgALAAwABgALAA0ABgALAA4ABgALAA8ABgAL/w8ABgALAAAABwALAAEABwALAAIABwALAAMABwALAAQABwALAAUABwALAAYABwALAAcABwALAAgABwALAAkABwALAAoABwALAAsABwALAAwABwALAA0ABwALAA4ABwALAA8ABwAL/w8ABwALAAAACAALAAEACAALAAIACAALAAMACAALAAQACAALAAUACAALAAYACAALAAcACAALAAgACAALAAkACAALAAoACAALAAsACAALAAwACAALAA0ACAALAA4ACAALAA8ACAAL/w8ACAALAAAACQALAAEACQALAAIACQALAAMACQALAAQACQALAAUACQALAAYACQALAAcACQALAAgACQALAAkACQALAAoACQALAAsACQALAAwACQALAA0ACQALAA4ACQALAA8ACQAL/w8ACQALAAAACgALAAEACgALAAIACgALAAMACgALAAQACgALAAUACgALAAYACgALAAcACgALAAgACgALAAkACgALAAoACgALAAsACgALAAwACgALAA0ACgALAA4ACgALAA8ACgAL/w8ACgALAAAACwALAAEACwALAAIACwALAAMACwALAAQACwALAAUACwALAAYACwALAAcACwALAAgACwALAAkACwALAAoACwALAAsACwALAAwACwALAA0ACwALAA4ACwALAA8ACwAL/w8ACwALAAAADAALAAEADAALAAIADAALAAMADAALAAQADAALAAUADAALAAYADAALAAcADAALAAgADAALAAkADAALAAoADAALAAsADAALAAwADAALAA0ADAALAA4ADAALAA8ADAAL/w8ADAALAAAADQALAAEADQALAAIADQALAAMADQALAAQADQALAAUADQALAAYADQALAAcADQALAAgADQALAAkADQALAAoADQALAAsADQALAAwADQALAA0ADQALAA4ADQALAA8ADQAL/w8ADQALAAAADgALAAEADgALAAIADgALAAMADgALAAQADgALAAUADgALAAYADgALAAcADgALAAgADgALAAkADgALAAoADgALAAsADgALAAwADgALAA0ADgALAA4ADgALAA8ADgAL/w8ADgALAAAADwALAAEADwALAAIADwALAAMADwALAAQADwALAAUADwALAAYADwALAAcADwALAAgADwALAAkADwALAAoADwALAAsADwALAAwADwALAA0ADwALAA4ADwALAA8ADwAL/w8ADwALAAD/DwALAAH/DwALAAL/DwALAAP/DwALAAT/DwALAAX/DwALAAb/DwALAAf/DwALAAj/DwALAAn/DwALAAr/DwALAAv/DwALAAz/DwALAA3/DwALAA7/DwALAA//DwAL/w//DwALAAAAAAAMAAEAAAAMAAIAAAAMAAMAAAAMAAQAAAAMAAUAAAAMAAYAAAAMAAcAAAAMAAgAAAAMAAkAAAAMAAoAAAAMAAsAAAAMAAwAAAAMAA0AAAAMAA4AAAAMAA8AAAAM/w8AAAAMAAAAAQAMAAEAAQAMAAIAAQAMAAMAAQAMAAQAAQAMAAUAAQAMAAYAAQAMAAcAAQAMAAgAAQAMAAkAAQAMAAoAAQAMAAsAAQAMAAwAAQAMAA0AAQAMAA4AAQAMAA8AAQAM/w8AAQAMAAAAAgAMAAEAAgAMAAIAAgAMAAMAAgAMAAQAAgAMAAUAAgAMAAYAAgAMAAcAAgAMAAgAAgAMAAkAAgAMAAoAAgAMAAsAAgAMAAwAAgAMAA0AAgAMAA4AAgAMAA8AAgAM/w8AAgAMAAAAAwAMAAEAAwAMAAIAAwAMAAMAAwAMAAQAAwAMAAUAAwAMAAYAAwAMAAcAAwAMAAgAAwAMAAkAAwAMAAoAAwAMAAsAAwAMAAwAAwAMAA0AAwAMAA4AAwAMAA8AAwAM/w8AAwAMAAAABAAMAAEABAAMAAIABAAMAAMABAAMAAQABAAMAAUABAAMAAYABAAMAAcABAAMAAgABAAMAAkABAAMAAoABAAMAAsABAAMAAwABAAMAA0ABAAMAA4ABAAMAA8ABAAM/w8ABAAMAAAABQAMAAEABQAMAAIABQAMAAMABQAMAAQABQAMAAUABQAMAAYABQAMAAcABQAMAAgABQAMAAkABQAMAAoABQAMAAsABQAMAAwABQAMAA0ABQAMAA4ABQAMAA8ABQAM/w8ABQAMAAAABgAMAAEABgAMAAIABgAMAAMABgAMAAQABgAMAAUABgAMAAYABgAMAAcABgAMAAgABgAMAAkABgAMAAoABgAMAAsABgAMAAwABgAMAA0ABgAMAA4ABgAMAA8ABgAM/w8ABgAMAAAABwAMAAEABwAMAAIABwAMAAMABwAMAAQABwAMAAUABwAMAAYABwAMAAcABwAMAAgABwAMAAkABwAMAAoABwAMAAsABwAMAAwABwAMAA0ABwAMAA4ABwAMAA8ABwAM/w8ABwAMAAAACAAMAAEACAAMAAIACAAMAAMACAAMAAQACAAMAAUACAAMAAYACAAMAAcACAAMAAgACAAMAAkACAAMAAoACAAMAAsACAAMAAwACAAMAA0ACAAMAA4ACAAMAA8ACAAM/w8ACAAMAAAACQAMAAEACQAMAAIACQAMAAMACQAMAAQACQAMAAUACQAMAAYACQAMAAcACQAMAAgACQAMAAkACQAMAAoACQAMAAsACQAMAAwACQAMAA0ACQAMAA4ACQAMAA8ACQAM/w8ACQAMAAAACgAMAAEACgAMAAIACgAMAAMACgAMAAQACgAMAAUACgAMAAYACgAMAAcACgAMAAgACgAMAAkACgAMAAoACgAMAAsACgAMAAwACgAMAA0ACgAMAA4ACgAMAA8ACgAM/w8ACgAMAAAACwAMAAEACwAMAAIACwAMAAMACwAMAAQACwAMAAUACwAMAAYACwAMAAcACwAMAAgACwAMAAkACwAMAAoACwAMAAsACwAMAAwACwAMAA0ACwAMAA4ACwAMAA8ACwAM/w8ACwAMAAAADAAMAAEADAAMAAIADAAMAAMADAAMAAQADAAMAAUADAAMAAYADAAMAAcADAAMAAgADAAMAAkADAAMAAoADAAMAAsADAAMAAwADAAMAA0ADAAMAA4ADAAMAA8ADAAM/w8ADAAMAAAADQAMAAEADQAMAAIADQAMAAMADQAMAAQADQAMAAUADQAMAAYADQAMAAcADQAMAAgADQAMAAkADQAMAAoADQAMAAsADQAMAAwADQAMAA0ADQAMAA4ADQAMAA8ADQAM/w8ADQAMAAAADgAMAAEADgAMAAIADgAMAAMADgAMAAQADgAMAAUADgAMAAYADgAMAAcADgAMAAgADgAMAAkADgAMAAoADgAMAAsADgAMAAwADgAMAA0ADgAMAA4ADgAMAA8ADgAM/w8ADgAMAAAADwAMAAEADwAMAAIADwAMAAMADwAMAAQADwAMAAUADwAMAAYADwAMAAcADwAMAAgADwAMAAkADwAMAAoADwAMAAsADwAMAAwADwAMAA0ADwAMAA4ADwAMAA8ADwAM/w8ADwAMAAD/DwAMAAH/DwAMAAL/DwAMAAP/DwAMAAT/DwAMAAX/DwAMAAb/DwAMAAf/DwAMAAj/DwAMAAn/DwAMAAr/DwAMAAv/DwAMAAz/DwAMAA3/DwAMAA7/DwAMAA//DwAM/w//DwAMAAAAAAANAAEAAAANAAIAAAANAAMAAAANAAQAAAANAAUAAAANAAYAAAANAAcAAAANAAgAAAANAAkAAAANAAoAAAANAAsAAAANAAwAAAANAA0AAAANAA4AAAANAA8AAAAN/w8AAAANAAAAAQANAAEAAQANAAIAAQANAAMAAQANAAQAAQANAAUAAQANAAYAAQANAAcAAQANAAgAAQANAAkAAQANAAoAAQANAAsAAQANAAwAAQANAA0AAQANAA4AAQANAA8AAQAN/w8AAQANAAAAAgANAAEAAgANAAIAAgANAAMAAgANAAQAAgANAAUAAgANAAYAAgANAAcAAgANAAgAAgANAAkAAgANAAoAAgANAAsAAgANAAwAAgANAA0AAgANAA4AAgANAA8AAgAN/w8AAgANAAAAAwANAAEAAwANAAIAAwANAAMAAwANAAQAAwANAAUAAwANAAYAAwANAAcAAwANAAgAAwANAAkAAwANAAoAAwANAAsAAwANAAwAAwANAA0AAwANAA4AAwANAA8AAwAN/w8AAwANAAAABAANAAEABAANAAIABAANAAMABAANAAQABAANAAUABAANAAYABAANAAcABAANAAgABAANAAkABAANAAoABAANAAsABAANAAwABAANAA0ABAANAA4ABAANAA8ABAAN/w8ABAANAAAABQANAAEABQANAAIABQANAAMABQANAAQABQANAAUABQANAAYABQANAAcABQANAAgABQANAAkABQANAAoABQANAAsABQANAAwABQANAA0ABQANAA4ABQANAA8ABQAN/w8ABQANAAAABgANAAEABgANAAIABgANAAMABgANAAQABgANAAUABgANAAYABgANAAcABgANAAgABgANAAkABgANAAoABgANAAsABgANAAwABgANAA0ABgANAA4ABgANAA8ABgAN/w8ABgANAAAABwANAAEABwANAAIABwANAAMABwANAAQABwANAAUABwANAAYABwANAAcABwANAAgABwANAAkABwANAAoABwANAAsABwANAAwABwANAA0ABwANAA4ABwANAA8ABwAN/w8ABwANAAAACAANAAEACAANAAIACAANAAMACAANAAQACAANAAUACAANAAYACAANAAcACAANAAgACAANAAkACAANAAoACAANAAsACAANAAwACAANAA0ACAANAA4ACAANAA8ACAAN/w8ACAANAAAACQANAAEACQANAAIACQANAAMACQANAAQACQANAAUACQANAAYACQANAAcACQANAAgACQANAAkACQANAAoACQANAAsACQANAAwACQANAA0ACQANAA4ACQANAA8ACQAN/w8ACQANAAAACgANAAEACgANAAIACgANAAMACgANAAQACgANAAUACgANAAYACgANAAcACgANAAgACgANAAkACgANAAoACgANAAsACgANAAwACgANAA0ACgANAA4ACgANAA8ACgAN/w8ACgANAAAACwANAAEACwANAAIACwANAAMACwANAAQACwANAAUACwANAAYACwANAAcACwANAAgACwANAAkACwANAAoACwANAAsACwANAAwACwANAA0ACwANAA4ACwANAA8ACwAN/w8ACwANAAAADAANAAEADAANAAIADAANAAMADAANAAQADAANAAUADAANAAYADAANAAcADAANAAgADAANAAkADAANAAoADAANAAsADAANAAwADAANAA0ADAANAA4ADAANAA8ADAAN/w8ADAANAAAADQANAAEADQANAAIADQANAAMADQANAAQADQANAAUADQANAAYADQANAAcADQANAAgADQANAAkADQANAAoADQANAAsADQANAAwADQANAA0ADQANAA4ADQANAA8ADQAN/w8ADQANAAAADgANAAEADgANAAIADgANAAMADgANAAQADgANAAUADgANAAYADgANAAcADgANAAgADgANAAkADgANAAoADgANAAsADgANAAwADgANAA0ADgANAA4ADgANAA8ADgAN/w8ADgANAAAADwANAAEADwANAAIADwANAAMADwANAAQADwANAAUADwANAAYADwANAAcADwANAAgADwANAAkADwANAAoADwANAAsADwANAAwADwANAA0ADwANAA4ADwANAA8ADwAN/w8ADwANAAD/DwANAAH/DwANAAL/DwANAAP/DwANAAT/DwANAAX/DwANAAb/DwANAAf/DwANAAj/DwANAAn/DwANAAr/DwANAAv/DwANAAz/DwANAA3/DwANAA7/DwANAA//DwAN/w//DwANAAAAAAAOAAEAAAAOAAIAAAAOAAMAAAAOAAQAAAAOAAUAAAAOAAYAAAAOAAcAAAAOAAgAAAAOAAkAAAAOAAoAAAAOAAsAAAAOAAwAAAAOAA0AAAAOAA4AAAAOAA8AAAAO/w8AAAAOAAAAAQAOAAEAAQAOAAIAAQAOAAMAAQAOAAQAAQAOAAUAAQAOAAYAAQAOAAcAAQAOAAgAAQAOAAkAAQAOAAoAAQAOAAsAAQAOAAwAAQAOAA0AAQAOAA4AAQAOAA8AAQAO/w8AAQAOAAAAAgAOAAEAAgAOAAIAAgAOAAMAAgAOAAQAAgAOAAUAAgAOAAYAAgAOAAcAAgAOAAgAAgAOAAkAAgAOAAoAAgAOAAsAAgAOAAwAAgAOAA0AAgAOAA4AAgAOAA8AAgAO/w8AAgAOAAAAAwAOAAEAAwAOAAIAAwAOAAMAAwAOAAQAAwAOAAUAAwAOAAYAAwAOAAcAAwAOAAgAAwAOAAkAAwAOAAoAAwAOAAsAAwAOAAwAAwAOAA0AAwAOAA4AAwAOAA8AAwAO/w8AAwAOAAAABAAOAAEABAAOAAIABAAOAAMABAAOAAQABAAOAAUABAAOAAYABAAOAAcABAAOAAgABAAOAAkABAAOAAoABAAOAAsABAAOAAwABAAOAA0ABAAOAA4ABAAOAA8ABAAO/w8ABAAOAAAABQAOAAEABQAOAAIABQAOAAMABQAOAAQABQAOAAUABQAOAAYABQAOAAcABQAOAAgABQAOAAkABQAOAAoABQAOAAsABQAOAAwABQAOAA0ABQAOAA4ABQAOAA8ABQAO/w8ABQAOAAAABgAOAAEABgAOAAIABgAOAAMABgAOAAQABgAOAAUABgAOAAYABgAOAAcABgAOAAgABgAOAAkABgAOAAoABgAOAAsABgAOAAwABgAOAA0ABgAOAA4ABgAOAA8ABgAO/w8ABgAOAAAABwAOAAEABwAOAAIABwAOAAMABwAOAAQABwAOAAUABwAOAAYABwAOAAcABwAOAAgABwAOAAkABwAOAAoABwAOAAsABwAOAAwABwAOAA0ABwAOAA4ABwAOAA8ABwAO/w8ABwAOAAAACAAOAAEACAAOAAIACAAOAAMACAAOAAQACAAOAAUACAAOAAYACAAOAAcACAAOAAgACAAOAAkACAAOAAoACAAOAAsACAAOAAwACAAOAA0ACAAOAA4ACAAOAA8ACAAO/w8ACAAOAAAACQAOAAEACQAOAAIACQAOAAMACQAOAAQACQAOAAUACQAOAAYACQAOAAcACQAOAAgACQAOAAkACQAOAAoACQAOAAsACQAOAAwACQAOAA0ACQAOAA4ACQAOAA8ACQAO/w8ACQAOAAAACgAOAAEACgAOAAIACgAOAAMACgAOAAQACgAOAAUACgAOAAYACgAOAAcACgAOAAgACgAOAAkACgAOAAoACgAOAAsACgAOAAwACgAOAA0ACgAOAA4ACgAOAA8ACgAO/w8ACgAOAAAACwAOAAEACwAOAAIACwAOAAMACwAOAAQACwAOAAUACwAOAAYACwAOAAcACwAOAAgACwAOAAkACwAOAAoACwAOAAsACwAOAAwACwAOAA0ACwAOAA4ACwAOAA8ACwAO/w8ACwAOAAAADAAOAAEADAAOAAIADAAOAAMADAAOAAQADAAOAAUADAAOAAYADAAOAAcADAAOAAgADAAOAAkADAAOAAoADAAOAAsADAAOAAwADAAOAA0ADAAOAA4ADAAOAA8ADAAO/w8ADAAOAAAADQAOAAEADQAOAAIADQAOAAMADQAOAAQADQAOAAUADQAOAAYADQAOAAcADQAOAAgADQAOAAkADQAOAAoADQAOAAsADQAOAAwADQAOAA0ADQAOAA4ADQAOAA8ADQAO/w8ADQAOAAAADgAOAAEADgAOAAIADgAOAAMADgAOAAQADgAOAAUADgAOAAYADgAOAAcADgAOAAgADgAOAAkADgAOAAoADgAOAAsADgAOAAwADgAOAA0ADgAOAA4ADgAOAA8ADgAO/w8ADgAOAAAADwAOAAEADwAOAAIADwAOAAMADwAOAAQADwAOAAUADwAOAAYADwAOAAcADwAOAAgADwAOAAkADwAOAAoADwAOAAsADwAOAAwADwAOAA0ADwAOAA4ADwAOAA8ADwAO/w8ADwAOAAD/DwAOAAH/DwAOAAL/DwAOAAP/DwAOAAT/DwAOAAX/DwAOAAb/DwAOAAf/DwAOAAj/DwAOAAn/DwAOAAr/DwAOAAv/DwAOAAz/DwAOAA3/DwAOAA7/DwAOAA//DwAO/w//DwAOAAAAAAAPAAEAAAAPAAIAAAAPAAMAAAAPAAQAAAAPAAUAAAAPAAYAAAAPAAcAAAAPAAgAAAAPAAkAAAAPAAoAAAAPAAsAAAAPAAwAAAAPAA0AAAAPAA4AAAAPAA8AAAAP/w8AAAAPAAAAAQAPAAEAAQAPAAIAAQAPAAMAAQAPAAQAAQAPAAUAAQAPAAYAAQAPAAcAAQAPAAgAAQAPAAkAAQAPAAoAAQAPAAsAAQAPAAwAAQAPAA0AAQAPAA4AAQAPAA8AAQAP/w8AAQAPAAAAAgAPAAEAAgAPAAIAAgAPAAMAAgAPAAQAAgAPAAUAAgAPAAYAAgAPAAcAAgAPAAgAAgAPAAkAAgAPAAoAAgAPAAsAAgAPAAwAAgAPAA0AAgAPAA4AAgAPAA8AAgAP/w8AAgAPAAAAAwAPAAEAAwAPAAIAAwAPAAMAAwAPAAQAAwAPAAUAAwAPAAYAAwAPAAcAAwAPAAgAAwAPAAkAAwAPAAoAAwAPAAsAAwAPAAwAAwAPAA0AAwAPAA4AAwAPAA8AAwAP/w8AAwAPAAAABAAPAAEABAAPAAIABAAPAAMABAAPAAQABAAPAAUABAAPAAYABAAPAAcABAAPAAgABAAPAAkABAAPAAoABAAPAAsABAAPAAwABAAPAA0ABAAPAA4ABAAPAA8ABAAP/w8ABAAPAAAABQAPAAEABQAPAAIABQAPAAMABQAPAAQABQAPAAUABQAPAAYABQAPAAcABQAPAAgABQAPAAkABQAPAAoABQAPAAsABQAPAAwABQAPAA0ABQAPAA4ABQAPAA8ABQAP/w8ABQAPAAAABgAPAAEABgAPAAIABgAPAAMABgAPAAQABgAPAAUABgAPAAYABgAPAAcABgAPAAgABgAPAAkABgAPAAoABgAPAAsABgAPAAwABgAPAA0ABgAPAA4ABgAPAA8ABgAP/w8ABgAPAAAABwAPAAEABwAPAAIABwAPAAMABwAPAAQABwAPAAUABwAPAAYABwAPAAcABwAPAAgABwAPAAkABwAPAAoABwAPAAsABwAPAAwABwAPAA0ABwAPAA4ABwAPAA8ABwAP/w8ABwAPAAAACAAPAAEACAAPAAIACAAPAAMACAAPAAQACAAPAAUACAAPAAYACAAPAAcACAAPAAgACAAPAAkACAAPAAoACAAPAAsACAAPAAwACAAPAA0ACAAPAA4ACAAPAA8ACAAP/w8ACAAPAAAACQAPAAEACQAPAAIACQAPAAMACQAPAAQACQAPAAUACQAPAAYACQAPAAcACQAPAAgACQAPAAkACQAPAAoACQAPAAsACQAPAAwACQAPAA0ACQAPAA4ACQAPAA8ACQAP/w8ACQAPAAAACgAPAAEACgAPAAIACgAPAAMACgAPAAQACgAPAAUACgAPAAYACgAPAAcACgAPAAgACgAPAAkACgAPAAoACgAPAAsACgAPAAwACgAPAA0ACgAPAA4ACgAPAA8ACgAP/w8ACgAPAAAACwAPAAEACwAPAAIACwAPAAMACwAPAAQACwAPAAUACwAPAAYACwAPAAcACwAPAAgACwAPAAkACwAPAAoACwAPAAsACwAPAAwACwAPAA0ACwAPAA4ACwAPAA8ACwAP/w8ACwAPAAAADAAPAAEADAAPAAIADAAPAAMADAAPAAQADAAPAAUADAAPAAYADAAPAAcADAAPAAgADAAPAAkADAAPAAoADAAPAAsADAAPAAwADAAPAA0ADAAPAA4ADAAPAA8ADAAP/w8ADAAPAAAADQAPAAEADQAPAAIADQAPAAMADQAPAAQADQAPAAUADQAPAAYADQAPAAcADQAPAAgADQAPAAkADQAPAAoADQAPAAsADQAPAAwADQAPAA0ADQAPAA4ADQAPAA8ADQAP/w8ADQAPAAAADgAPAAEADgAPAAIADgAPAAMADgAPAAQADgAPAAUADgAPAAYADgAPAAcADgAPAAgADgAPAAkADgAPAAoADgAPAAsADgAPAAwADgAPAA0ADgAPAA4ADgAPAA8ADgAP/w8ADgAPAAAADwAPAAEADwAPAAIADwAPAAMADwAPAAQADwAPAAUADwAPAAYADwAPAAcADwAPAAgADwAPAAkADwAPAAoADwAPAAsADwAPAAwADwAPAA0ADwAPAA4ADwAPAA8ADwAP/w8ADwAPAAD/DwAPAAH/DwAPAAL/DwAPAAP/DwAPAAT/DwAPAAX/DwAPAAb/DwAPAAf/DwAPAAj/DwAPAAn/DwAPAAr/DwAPAAv/DwAPAAz/DwAPAA3/DwAPAA7/DwAPAA//DwAP/w//DwAPAAAAAP8PAAEAAP8PAAIAAP8PAAMAAP8PAAQAAP8PAAUAAP8PAAYAAP8PAAcAAP8PAAgAAP8PAAkAAP8PAAoAAP8PAAsAAP8PAAwAAP8PAA0AAP8PAA4AAP8PAA8AAP8P/w8AAP8PAAAAAf8PAAEAAf8PAAIAAf8PAAMAAf8PAAQAAf8PAAUAAf8PAAYAAf8PAAcAAf8PAAgAAf8PAAkAAf8PAAoAAf8PAAsAAf8PAAwAAf8PAA0AAf8PAA4AAf8PAA8AAf8P/w8AAf8PAAAAAv8PAAEAAv8PAAIAAv8PAAMAAv8PAAQAAv8PAAUAAv8PAAYAAv8PAAcAAv8PAAgAAv8PAAkAAv8PAAoAAv8PAAsAAv8PAAwAAv8PAA0AAv8PAA4AAv8PAA8AAv8P/w8AAv8PAAAAA/8PAAEAA/8PAAIAA/8PAAMAA/8PAAQAA/8PAAUAA/8PAAYAA/8PAAcAA/8PAAgAA/8PAAkAA/8PAAoAA/8PAAsAA/8PAAwAA/8PAA0AA/8PAA4AA/8PAA8AA/8P/w8AA/8PAAAABP8PAAEABP8PAAIABP8PAAMABP8PAAQABP8PAAUABP8PAAYABP8PAAcABP8PAAgABP8PAAkABP8PAAoABP8PAAsABP8PAAwABP8PAA0ABP8PAA4ABP8PAA8ABP8P/w8ABP8PAAAABf8PAAEABf8PAAIABf8PAAMABf8PAAQABf8PAAUABf8PAAYABf8PAAcABf8PAAgABf8PAAkABf8PAAoABf8PAAsABf8PAAwABf8PAA0ABf8PAA4ABf8PAA8ABf8P/w8ABf8PAAAABv8PAAEABv8PAAIABv8PAAMABv8PAAQABv8PAAUABv8PAAYABv8PAAcABv8PAAgABv8PAAkABv8PAAoABv8PAAsABv8PAAwABv8PAA0ABv8PAA4ABv8PAA8ABv8P/w8ABv8PAAAAB/8PAAEAB/8PAAIAB/8PAAMAB/8PAAQAB/8PAAUAB/8PAAYAB/8PAAcAB/8PAAgAB/8PAAkAB/8PAAoAB/8PAAsAB/8PAAwAB/8PAA0AB/8PAA4AB/8PAA8AB/8P/w8AB/8PAAAACP8PAAEACP8PAAIACP8PAAMACP8PAAQACP8PAAUACP8PAAYACP8PAAcACP8PAAgACP8PAAkACP8PAAoACP8PAAsACP8PAAwACP8PAA0ACP8PAA4ACP8PAA8ACP8P/w8ACP8PAAAACf8PAAEACf8PAAIACf8PAAMACf8PAAQACf8PAAUACf8PAAYACf8PAAcACf8PAAgACf8PAAkACf8PAAoACf8PAAsACf8PAAwACf8PAA0ACf8PAA4ACf8PAA8ACf8P/w8ACf8PAAAACv8PAAEACv8PAAIACv8PAAMACv8PAAQACv8PAAUACv8PAAYACv8PAAcACv8PAAgACv8PAAkACv8PAAoACv8PAAsACv8PAAwACv8PAA0ACv8PAA4ACv8PAA8ACv8P/w8ACv8PAAAAC/8PAAEAC/8PAAIAC/8PAAMAC/8PAAQAC/8PAAUAC/8PAAYAC/8PAAcAC/8PAAgAC/8PAAkAC/8PAAoAC/8PAAsAC/8PAAwAC/8PAA0AC/8PAA4AC/8PAA8AC/8P/w8AC/8PAAAADP8PAAEADP8PAAIADP8PAAMADP8PAAQADP8PAAUADP8PAAYADP8PAAcADP8PAAgADP8PAAkADP8PAAoADP8PAAsADP8PAAwADP8PAA0ADP8PAA4ADP8PAA8ADP8P/w8ADP8PAAAADf8PAAEADf8PAAIADf8PAAMADf8PAAQADf8PAAUADf8PAAYADf8PAAcADf8PAAgADf8PAAkADf8PAAoADf8PAAsADf8PAAwADf8PAA0ADf8PAA4ADf8PAA8ADf8P/w8ADf8PAAAADv8PAAEADv8PAAIADv8PAAMADv8PAAQADv8PAAUADv8PAAYADv8PAAcADv8PAAgADv8PAAkADv8PAAoADv8PAAsADv8PAAwADv8PAA0ADv8PAA4ADv8PAA8ADv8P/w8ADv8PAAAAD/8PAAEAD/8PAAIAD/8PAAMAD/8PAAQAD/8PAAUAD/8PAAYAD/8PAAcAD/8PAAgAD/8PAAkAD/8PAAoAD/8PAAsAD/8PAAwAD/8PAA0AD/8PAA4AD/8PAA8AD/8P/w8AD/8PAAD/D/8PAAH/D/8PAAL/D/8PAAP/D/8PAAT/D/8PAAX/D/8PAAb/D/8PAAf/D/8PAAj/D/8PAAn/D/8PAAr/D/8PAAv/D/8PAAz/D/8PAA3/D/8PAA7/D/8PAA//D/8P/w//D/8P