# Dolby Vision User Display Configuration File
# Generated by bscpylgtv on 2022-10-13
# Display: Unspecified
# DM Version: 
PictureMode = 1
Tmax = 710.0000
Tmin = 0.0001
Tgamma = 2.2
ColorPrimaries = 0.6796 0.3187 0.2595 0.6849 0.1448 0.0494 0.3127 0.3290
TLMS2RGBmat = 4.18278398329451 -3.30049295101941 0.117749870955325 -0.882467140762750 2.01734548281183 -0.134865869784527 0.0437827473048431 -0.107670286757025 1.06391551060750
PictureMode = 2
Tmax = 750.0000
Tmin = 0.0001
Tgamma = 2.2
ColorPrimaries = 0.6796 0.3187 0.2595 0.6849 0.1448 0.0494 0.3127 0.3290
TLMS2RGBmat = 4.18278398329451 -3.30049295101941 0.117749870955325 -0.882467140762750 2.01734548281183 -0.134865869784527 0.0437827473048431 -0.107670286757025 1.06391551060750
PictureMode = 4
Tmax = 680.0000
Tmin = 0.0001
Tgamma = 2.2
ColorPrimaries = 0.6796 0.3187 0.2595 0.6849 0.1448 0.0494 0.3127 0.3290
TLMS2RGBmat = 4.18278398329451 -3.30049295101941 0.117749870955325 -0.882467140762750 2.01734548281183 -0.134865869784527 0.0437827473048431 -0.107670286757025 1.06391551060750
