# Dolby Vision User Display Configuration File
# Generated by bscpylgtv on 2022-10-13
# Display: Unspecified
# DM Version: 
[PictureMode = 2]
Tmax = 750.0000
Tmin = 0.0001
Tgamma = 2.2
TPrimaries = 0.6796 0.3187 0.2595 0.6849 0.1448 0.0494 0.3127 0.3290
